Archive member included to satisfy reference by file (symbol)

c:/program files (x86)/atmel/studio/7.0/toolchain/avr8/avr8-gnu-toolchain/bin/../lib/gcc/avr/5.4.0/../../../../avr/lib/avr5\libm.a(cmpsf2.o)
                              APP/app.o (__ltsf2)
c:/program files (x86)/atmel/studio/7.0/toolchain/avr8/avr8-gnu-toolchain/bin/../lib/gcc/avr/5.4.0/../../../../avr/lib/avr5\libm.a(divsf3.o)
                              HAL/Ultrasonic/ultrasonic.o (__divsf3)
c:/program files (x86)/atmel/studio/7.0/toolchain/avr8/avr8-gnu-toolchain/bin/../lib/gcc/avr/5.4.0/../../../../avr/lib/avr5\libm.a(divsf3x.o)
                              c:/program files (x86)/atmel/studio/7.0/toolchain/avr8/avr8-gnu-toolchain/bin/../lib/gcc/avr/5.4.0/../../../../avr/lib/avr5\libm.a(divsf3.o) (__divsf3x)
c:/program files (x86)/atmel/studio/7.0/toolchain/avr8/avr8-gnu-toolchain/bin/../lib/gcc/avr/5.4.0/../../../../avr/lib/avr5\libm.a(fixunssfsi.o)
                              APP/app.o (__fixunssfsi)
c:/program files (x86)/atmel/studio/7.0/toolchain/avr8/avr8-gnu-toolchain/bin/../lib/gcc/avr/5.4.0/../../../../avr/lib/avr5\libm.a(floatsisf.o)
                              HAL/Ultrasonic/ultrasonic.o (__floatunsisf)
c:/program files (x86)/atmel/studio/7.0/toolchain/avr8/avr8-gnu-toolchain/bin/../lib/gcc/avr/5.4.0/../../../../avr/lib/avr5\libm.a(fp_cmp.o)
                              c:/program files (x86)/atmel/studio/7.0/toolchain/avr8/avr8-gnu-toolchain/bin/../lib/gcc/avr/5.4.0/../../../../avr/lib/avr5\libm.a(cmpsf2.o) (__fp_cmp)
c:/program files (x86)/atmel/studio/7.0/toolchain/avr8/avr8-gnu-toolchain/bin/../lib/gcc/avr/5.4.0/../../../../avr/lib/avr5\libm.a(fp_inf.o)
                              c:/program files (x86)/atmel/studio/7.0/toolchain/avr8/avr8-gnu-toolchain/bin/../lib/gcc/avr/5.4.0/../../../../avr/lib/avr5\libm.a(divsf3x.o) (__fp_inf)
c:/program files (x86)/atmel/studio/7.0/toolchain/avr8/avr8-gnu-toolchain/bin/../lib/gcc/avr/5.4.0/../../../../avr/lib/avr5\libm.a(fp_nan.o)
                              c:/program files (x86)/atmel/studio/7.0/toolchain/avr8/avr8-gnu-toolchain/bin/../lib/gcc/avr/5.4.0/../../../../avr/lib/avr5\libm.a(divsf3x.o) (__fp_nan)
c:/program files (x86)/atmel/studio/7.0/toolchain/avr8/avr8-gnu-toolchain/bin/../lib/gcc/avr/5.4.0/../../../../avr/lib/avr5\libm.a(fp_pscA.o)
                              c:/program files (x86)/atmel/studio/7.0/toolchain/avr8/avr8-gnu-toolchain/bin/../lib/gcc/avr/5.4.0/../../../../avr/lib/avr5\libm.a(divsf3x.o) (__fp_pscA)
c:/program files (x86)/atmel/studio/7.0/toolchain/avr8/avr8-gnu-toolchain/bin/../lib/gcc/avr/5.4.0/../../../../avr/lib/avr5\libm.a(fp_pscB.o)
                              c:/program files (x86)/atmel/studio/7.0/toolchain/avr8/avr8-gnu-toolchain/bin/../lib/gcc/avr/5.4.0/../../../../avr/lib/avr5\libm.a(divsf3x.o) (__fp_pscB)
c:/program files (x86)/atmel/studio/7.0/toolchain/avr8/avr8-gnu-toolchain/bin/../lib/gcc/avr/5.4.0/../../../../avr/lib/avr5\libm.a(fp_round.o)
                              c:/program files (x86)/atmel/studio/7.0/toolchain/avr8/avr8-gnu-toolchain/bin/../lib/gcc/avr/5.4.0/../../../../avr/lib/avr5\libm.a(divsf3.o) (__fp_round)
c:/program files (x86)/atmel/studio/7.0/toolchain/avr8/avr8-gnu-toolchain/bin/../lib/gcc/avr/5.4.0/../../../../avr/lib/avr5\libm.a(fp_split3.o)
                              c:/program files (x86)/atmel/studio/7.0/toolchain/avr8/avr8-gnu-toolchain/bin/../lib/gcc/avr/5.4.0/../../../../avr/lib/avr5\libm.a(divsf3x.o) (__fp_split3)
c:/program files (x86)/atmel/studio/7.0/toolchain/avr8/avr8-gnu-toolchain/bin/../lib/gcc/avr/5.4.0/../../../../avr/lib/avr5\libm.a(fp_zero.o)
                              c:/program files (x86)/atmel/studio/7.0/toolchain/avr8/avr8-gnu-toolchain/bin/../lib/gcc/avr/5.4.0/../../../../avr/lib/avr5\libm.a(fixunssfsi.o) (__fp_zero)
c:/program files (x86)/atmel/studio/7.0/toolchain/avr8/avr8-gnu-toolchain/bin/../lib/gcc/avr/5.4.0/../../../../avr/lib/avr5\libm.a(gesf2.o)
                              APP/app.o (__gesf2)
c:/program files (x86)/atmel/studio/7.0/toolchain/avr8/avr8-gnu-toolchain/bin/../lib/gcc/avr/5.4.0/avr5\libgcc.a(_divmodhi4.o)
                              HAL/pwm/pwm.o (__divmodhi4)
c:/program files (x86)/atmel/studio/7.0/toolchain/avr8/avr8-gnu-toolchain/bin/../lib/gcc/avr/5.4.0/avr5\libgcc.a(_exit.o)
                              C:/Program Files (x86)/Atmel/Studio/7.0/Packs/atmel/ATmega_DFP/1.6.364/gcc/dev/atmega32/avr5/crtatmega32.o (exit)
c:/program files (x86)/atmel/studio/7.0/toolchain/avr8/avr8-gnu-toolchain/bin/../lib/gcc/avr/5.4.0/avr5\libgcc.a(_tablejump2.o)
                              MCAL/timer/timer.o (__tablejump2__)
c:/program files (x86)/atmel/studio/7.0/toolchain/avr8/avr8-gnu-toolchain/bin/../lib/gcc/avr/5.4.0/avr5\libgcc.a(_copy_data.o)
                              APP/app.o (__do_copy_data)
c:/program files (x86)/atmel/studio/7.0/toolchain/avr8/avr8-gnu-toolchain/bin/../lib/gcc/avr/5.4.0/avr5\libgcc.a(_clear_bss.o)
                              APP/app.o (__do_clear_bss)
c:/program files (x86)/atmel/studio/7.0/toolchain/avr8/avr8-gnu-toolchain/bin/../lib/gcc/avr/5.4.0/avr5\libgcc.a(_udivmodhi4.o)
                              c:/program files (x86)/atmel/studio/7.0/toolchain/avr8/avr8-gnu-toolchain/bin/../lib/gcc/avr/5.4.0/avr5\libgcc.a(_divmodhi4.o) (__udivmodhi4)
c:/program files (x86)/atmel/studio/7.0/toolchain/avr8/avr8-gnu-toolchain/bin/../lib/gcc/avr/5.4.0/../../../../avr/lib/avr5\libc.a(itoa_ncheck.o)
                              HAL/hlcd/hlcd_Source.o (__itoa_ncheck)
c:/program files (x86)/atmel/studio/7.0/toolchain/avr8/avr8-gnu-toolchain/bin/../lib/gcc/avr/5.4.0/../../../../avr/lib/avr5\libc.a(utoa_ncheck.o)
                              c:/program files (x86)/atmel/studio/7.0/toolchain/avr8/avr8-gnu-toolchain/bin/../lib/gcc/avr/5.4.0/../../../../avr/lib/avr5\libc.a(itoa_ncheck.o) (__utoa_common)
c:/program files (x86)/atmel/studio/7.0/toolchain/avr8/avr8-gnu-toolchain/bin/../lib/gcc/avr/5.4.0/../../../../avr/lib/avr5\libc.a(strrev.o)
                              c:/program files (x86)/atmel/studio/7.0/toolchain/avr8/avr8-gnu-toolchain/bin/../lib/gcc/avr/5.4.0/../../../../avr/lib/avr5\libc.a(utoa_ncheck.o) (strrev)

Allocating common symbols
Common symbol       size              file

g_v_u8_cap          0x1               HAL/Ultrasonic/ultrasonic.o
u8KeyRead           0x1               APP/app.o
global_f64Dist      0x4               APP/app.o
g_v_u16_ovf         0x4               HAL/Ultrasonic/ultrasonic.o

Discarded input sections

 .data          0x00000000        0x0 C:/Program Files (x86)/Atmel/Studio/7.0/Packs/atmel/ATmega_DFP/1.6.364/gcc/dev/atmega32/avr5/crtatmega32.o
 .bss           0x00000000        0x0 C:/Program Files (x86)/Atmel/Studio/7.0/Packs/atmel/ATmega_DFP/1.6.364/gcc/dev/atmega32/avr5/crtatmega32.o
 .text          0x00000000        0x0 APP/app.o
 .data          0x00000000        0x0 APP/app.o
 .bss           0x00000000        0x0 APP/app.o
 .bss.flag5     0x00000000        0x1 APP/app.o
 .text          0x00000000        0x0 HAL/button/button.o
 .data          0x00000000        0x0 HAL/button/button.o
 .bss           0x00000000        0x0 HAL/button/button.o
 .text.vidPrePushState
                0x00000000       0x72 HAL/button/button.o
 .text.vidPushState
                0x00000000       0x76 HAL/button/button.o
 .text.vidPreHoldState
                0x00000000       0x76 HAL/button/button.o
 .text.vidHoldState
                0x00000000       0x5e HAL/button/button.o
 .text.vidPreReleaseState
                0x00000000       0x7a HAL/button/button.o
 .text.vidReleaseState
                0x00000000       0x5a HAL/button/button.o
 .text.vidUpdateBtnState
                0x00000000       0x5a HAL/button/button.o
 .text.BUTTON_mainTask
                0x00000000       0x16 HAL/button/button.o
 .text.BUTTON_init
                0x00000000       0x48 HAL/button/button.o
 .text.BUTTON_getState
                0x00000000       0x22 HAL/button/button.o
 .bss.st_gs_strBtnInfo
                0x00000000        0xa HAL/button/button.o
 .rodata.st_gc_btnConfig
                0x00000000        0x5 HAL/button/button.o
 .debug_info    0x00000000      0x4ee HAL/button/button.o
 .debug_abbrev  0x00000000      0x173 HAL/button/button.o
 .debug_loc     0x00000000      0x5bb HAL/button/button.o
 .debug_aranges
                0x00000000       0x68 HAL/button/button.o
 .debug_ranges  0x00000000       0x58 HAL/button/button.o
 .debug_line    0x00000000      0x2d6 HAL/button/button.o
 .debug_str     0x00000000      0x3ac HAL/button/button.o
 .comment       0x00000000       0x31 HAL/button/button.o
 .debug_frame   0x00000000      0x174 HAL/button/button.o
 .text          0x00000000        0x0 HAL/car_control/car_control.o
 .data          0x00000000        0x0 HAL/car_control/car_control.o
 .bss           0x00000000        0x0 HAL/car_control/car_control.o
 .text          0x00000000        0x0 HAL/hextInt/HExtInt.o
 .data          0x00000000        0x0 HAL/hextInt/HExtInt.o
 .bss           0x00000000        0x0 HAL/hextInt/HExtInt.o
 .text.HExtInt_enCBFInt1
                0x00000000       0x10 HAL/hextInt/HExtInt.o
 .bss.cbf       0x00000000        0x2 HAL/hextInt/HExtInt.o
 .text          0x00000000        0x0 HAL/hlcd/hlcd_Configure.o
 .data          0x00000000        0x0 HAL/hlcd/hlcd_Configure.o
 .bss           0x00000000        0x0 HAL/hlcd/hlcd_Configure.o
 .text          0x00000000        0x0 HAL/hlcd/hlcd_Source.o
 .data          0x00000000        0x0 HAL/hlcd/hlcd_Source.o
 .bss           0x00000000        0x0 HAL/hlcd/hlcd_Source.o
 .text.HLCD_ShiftLeft
                0x00000000       0x14 HAL/hlcd/hlcd_Source.o
 .text.HLCD_WriteArabic
                0x00000000       0x14 HAL/hlcd/hlcd_Source.o
 .text.HLCD_vidCreatCustomChar
                0x00000000       0x46 HAL/hlcd/hlcd_Source.o
 .text          0x00000000        0x0 HAL/keypad/keypad and LCD intergration.o
 .data          0x00000000        0x0 HAL/keypad/keypad and LCD intergration.o
 .bss           0x00000000        0x0 HAL/keypad/keypad and LCD intergration.o
 .debug_line    0x00000000        0x0 HAL/keypad/keypad and LCD intergration.o
 .debug_str     0x00000000      0x162 HAL/keypad/keypad and LCD intergration.o
 .comment       0x00000000       0x31 HAL/keypad/keypad and LCD intergration.o
 .text          0x00000000        0x0 HAL/keypad/keypad.o
 .data          0x00000000        0x0 HAL/keypad/keypad.o
 .bss           0x00000000        0x0 HAL/keypad/keypad.o
 .text          0x00000000        0x0 HAL/motor/motor.o
 .data          0x00000000        0x0 HAL/motor/motor.o
 .bss           0x00000000        0x0 HAL/motor/motor.o
 .text          0x00000000        0x0 HAL/pwm/pwm.o
 .data          0x00000000        0x0 HAL/pwm/pwm.o
 .bss           0x00000000        0x0 HAL/pwm/pwm.o
 .text          0x00000000        0x0 HAL/timer_manager/timer_manager.o
 .data          0x00000000        0x0 HAL/timer_manager/timer_manager.o
 .bss           0x00000000        0x0 HAL/timer_manager/timer_manager.o
 .text          0x00000000        0x0 HAL/Ultrasonic/ultrasonic.o
 .data          0x00000000        0x0 HAL/Ultrasonic/ultrasonic.o
 .bss           0x00000000        0x0 HAL/Ultrasonic/ultrasonic.o
 .text          0x00000000        0x0 HAL/Ultrasonic/ultrasonic_cfg.o
 .data          0x00000000        0x0 HAL/Ultrasonic/ultrasonic_cfg.o
 .bss           0x00000000        0x0 HAL/Ultrasonic/ultrasonic_cfg.o
 .debug_line    0x00000000        0x0 HAL/Ultrasonic/ultrasonic_cfg.o
 .debug_str     0x00000000      0x159 HAL/Ultrasonic/ultrasonic_cfg.o
 .comment       0x00000000       0x31 HAL/Ultrasonic/ultrasonic_cfg.o
 .text          0x00000000        0x0 main.o
 .data          0x00000000        0x0 main.o
 .bss           0x00000000        0x0 main.o
 .text          0x00000000        0x0 MCAL/dio/dio.o
 .data          0x00000000        0x0 MCAL/dio/dio.o
 .bss           0x00000000        0x0 MCAL/dio/dio.o
 .text          0x00000000        0x0 MCAL/ExtInt/EXTINT_Source.o
 .data          0x00000000        0x0 MCAL/ExtInt/EXTINT_Source.o
 .bss           0x00000000        0x0 MCAL/ExtInt/EXTINT_Source.o
 .text.MEXTINT_vidCallBackFuncInt1
                0x00000000        0xa MCAL/ExtInt/EXTINT_Source.o
 .text.MEXTINT_vidWaitFlag
                0x00000000        0x8 MCAL/ExtInt/EXTINT_Source.o
 .text          0x00000000        0x0 MCAL/timer/timer.o
 .data          0x00000000        0x0 MCAL/timer/timer.o
 .bss           0x00000000        0x0 MCAL/timer/timer.o
 .text.u8Timer2_setTime_ms
                0x00000000       0xfa MCAL/timer/timer.o
 .rodata.prescaller_map
                0x00000000        0xc MCAL/timer/timer.o
 .bss.preload   0x00000000        0x2 MCAL/timer/timer.o
 .text          0x00000000        0x0 c:/program files (x86)/atmel/studio/7.0/toolchain/avr8/avr8-gnu-toolchain/bin/../lib/gcc/avr/5.4.0/../../../../avr/lib/avr5\libm.a(cmpsf2.o)
 .data          0x00000000        0x0 c:/program files (x86)/atmel/studio/7.0/toolchain/avr8/avr8-gnu-toolchain/bin/../lib/gcc/avr/5.4.0/../../../../avr/lib/avr5\libm.a(cmpsf2.o)
 .bss           0x00000000        0x0 c:/program files (x86)/atmel/studio/7.0/toolchain/avr8/avr8-gnu-toolchain/bin/../lib/gcc/avr/5.4.0/../../../../avr/lib/avr5\libm.a(cmpsf2.o)
 .text          0x00000000        0x0 c:/program files (x86)/atmel/studio/7.0/toolchain/avr8/avr8-gnu-toolchain/bin/../lib/gcc/avr/5.4.0/../../../../avr/lib/avr5\libm.a(divsf3.o)
 .data          0x00000000        0x0 c:/program files (x86)/atmel/studio/7.0/toolchain/avr8/avr8-gnu-toolchain/bin/../lib/gcc/avr/5.4.0/../../../../avr/lib/avr5\libm.a(divsf3.o)
 .bss           0x00000000        0x0 c:/program files (x86)/atmel/studio/7.0/toolchain/avr8/avr8-gnu-toolchain/bin/../lib/gcc/avr/5.4.0/../../../../avr/lib/avr5\libm.a(divsf3.o)
 .text          0x00000000        0x0 c:/program files (x86)/atmel/studio/7.0/toolchain/avr8/avr8-gnu-toolchain/bin/../lib/gcc/avr/5.4.0/../../../../avr/lib/avr5\libm.a(divsf3x.o)
 .data          0x00000000        0x0 c:/program files (x86)/atmel/studio/7.0/toolchain/avr8/avr8-gnu-toolchain/bin/../lib/gcc/avr/5.4.0/../../../../avr/lib/avr5\libm.a(divsf3x.o)
 .bss           0x00000000        0x0 c:/program files (x86)/atmel/studio/7.0/toolchain/avr8/avr8-gnu-toolchain/bin/../lib/gcc/avr/5.4.0/../../../../avr/lib/avr5\libm.a(divsf3x.o)
 .text          0x00000000        0x0 c:/program files (x86)/atmel/studio/7.0/toolchain/avr8/avr8-gnu-toolchain/bin/../lib/gcc/avr/5.4.0/../../../../avr/lib/avr5\libm.a(fixunssfsi.o)
 .data          0x00000000        0x0 c:/program files (x86)/atmel/studio/7.0/toolchain/avr8/avr8-gnu-toolchain/bin/../lib/gcc/avr/5.4.0/../../../../avr/lib/avr5\libm.a(fixunssfsi.o)
 .bss           0x00000000        0x0 c:/program files (x86)/atmel/studio/7.0/toolchain/avr8/avr8-gnu-toolchain/bin/../lib/gcc/avr/5.4.0/../../../../avr/lib/avr5\libm.a(fixunssfsi.o)
 .text          0x00000000        0x0 c:/program files (x86)/atmel/studio/7.0/toolchain/avr8/avr8-gnu-toolchain/bin/../lib/gcc/avr/5.4.0/../../../../avr/lib/avr5\libm.a(floatsisf.o)
 .data          0x00000000        0x0 c:/program files (x86)/atmel/studio/7.0/toolchain/avr8/avr8-gnu-toolchain/bin/../lib/gcc/avr/5.4.0/../../../../avr/lib/avr5\libm.a(floatsisf.o)
 .bss           0x00000000        0x0 c:/program files (x86)/atmel/studio/7.0/toolchain/avr8/avr8-gnu-toolchain/bin/../lib/gcc/avr/5.4.0/../../../../avr/lib/avr5\libm.a(floatsisf.o)
 .text          0x00000000        0x0 c:/program files (x86)/atmel/studio/7.0/toolchain/avr8/avr8-gnu-toolchain/bin/../lib/gcc/avr/5.4.0/../../../../avr/lib/avr5\libm.a(fp_cmp.o)
 .data          0x00000000        0x0 c:/program files (x86)/atmel/studio/7.0/toolchain/avr8/avr8-gnu-toolchain/bin/../lib/gcc/avr/5.4.0/../../../../avr/lib/avr5\libm.a(fp_cmp.o)
 .bss           0x00000000        0x0 c:/program files (x86)/atmel/studio/7.0/toolchain/avr8/avr8-gnu-toolchain/bin/../lib/gcc/avr/5.4.0/../../../../avr/lib/avr5\libm.a(fp_cmp.o)
 .text          0x00000000        0x0 c:/program files (x86)/atmel/studio/7.0/toolchain/avr8/avr8-gnu-toolchain/bin/../lib/gcc/avr/5.4.0/../../../../avr/lib/avr5\libm.a(fp_inf.o)
 .data          0x00000000        0x0 c:/program files (x86)/atmel/studio/7.0/toolchain/avr8/avr8-gnu-toolchain/bin/../lib/gcc/avr/5.4.0/../../../../avr/lib/avr5\libm.a(fp_inf.o)
 .bss           0x00000000        0x0 c:/program files (x86)/atmel/studio/7.0/toolchain/avr8/avr8-gnu-toolchain/bin/../lib/gcc/avr/5.4.0/../../../../avr/lib/avr5\libm.a(fp_inf.o)
 .text          0x00000000        0x0 c:/program files (x86)/atmel/studio/7.0/toolchain/avr8/avr8-gnu-toolchain/bin/../lib/gcc/avr/5.4.0/../../../../avr/lib/avr5\libm.a(fp_nan.o)
 .data          0x00000000        0x0 c:/program files (x86)/atmel/studio/7.0/toolchain/avr8/avr8-gnu-toolchain/bin/../lib/gcc/avr/5.4.0/../../../../avr/lib/avr5\libm.a(fp_nan.o)
 .bss           0x00000000        0x0 c:/program files (x86)/atmel/studio/7.0/toolchain/avr8/avr8-gnu-toolchain/bin/../lib/gcc/avr/5.4.0/../../../../avr/lib/avr5\libm.a(fp_nan.o)
 .text          0x00000000        0x0 c:/program files (x86)/atmel/studio/7.0/toolchain/avr8/avr8-gnu-toolchain/bin/../lib/gcc/avr/5.4.0/../../../../avr/lib/avr5\libm.a(fp_pscA.o)
 .data          0x00000000        0x0 c:/program files (x86)/atmel/studio/7.0/toolchain/avr8/avr8-gnu-toolchain/bin/../lib/gcc/avr/5.4.0/../../../../avr/lib/avr5\libm.a(fp_pscA.o)
 .bss           0x00000000        0x0 c:/program files (x86)/atmel/studio/7.0/toolchain/avr8/avr8-gnu-toolchain/bin/../lib/gcc/avr/5.4.0/../../../../avr/lib/avr5\libm.a(fp_pscA.o)
 .text          0x00000000        0x0 c:/program files (x86)/atmel/studio/7.0/toolchain/avr8/avr8-gnu-toolchain/bin/../lib/gcc/avr/5.4.0/../../../../avr/lib/avr5\libm.a(fp_pscB.o)
 .data          0x00000000        0x0 c:/program files (x86)/atmel/studio/7.0/toolchain/avr8/avr8-gnu-toolchain/bin/../lib/gcc/avr/5.4.0/../../../../avr/lib/avr5\libm.a(fp_pscB.o)
 .bss           0x00000000        0x0 c:/program files (x86)/atmel/studio/7.0/toolchain/avr8/avr8-gnu-toolchain/bin/../lib/gcc/avr/5.4.0/../../../../avr/lib/avr5\libm.a(fp_pscB.o)
 .text          0x00000000        0x0 c:/program files (x86)/atmel/studio/7.0/toolchain/avr8/avr8-gnu-toolchain/bin/../lib/gcc/avr/5.4.0/../../../../avr/lib/avr5\libm.a(fp_round.o)
 .data          0x00000000        0x0 c:/program files (x86)/atmel/studio/7.0/toolchain/avr8/avr8-gnu-toolchain/bin/../lib/gcc/avr/5.4.0/../../../../avr/lib/avr5\libm.a(fp_round.o)
 .bss           0x00000000        0x0 c:/program files (x86)/atmel/studio/7.0/toolchain/avr8/avr8-gnu-toolchain/bin/../lib/gcc/avr/5.4.0/../../../../avr/lib/avr5\libm.a(fp_round.o)
 .text          0x00000000        0x0 c:/program files (x86)/atmel/studio/7.0/toolchain/avr8/avr8-gnu-toolchain/bin/../lib/gcc/avr/5.4.0/../../../../avr/lib/avr5\libm.a(fp_split3.o)
 .data          0x00000000        0x0 c:/program files (x86)/atmel/studio/7.0/toolchain/avr8/avr8-gnu-toolchain/bin/../lib/gcc/avr/5.4.0/../../../../avr/lib/avr5\libm.a(fp_split3.o)
 .bss           0x00000000        0x0 c:/program files (x86)/atmel/studio/7.0/toolchain/avr8/avr8-gnu-toolchain/bin/../lib/gcc/avr/5.4.0/../../../../avr/lib/avr5\libm.a(fp_split3.o)
 .text          0x00000000        0x0 c:/program files (x86)/atmel/studio/7.0/toolchain/avr8/avr8-gnu-toolchain/bin/../lib/gcc/avr/5.4.0/../../../../avr/lib/avr5\libm.a(fp_zero.o)
 .data          0x00000000        0x0 c:/program files (x86)/atmel/studio/7.0/toolchain/avr8/avr8-gnu-toolchain/bin/../lib/gcc/avr/5.4.0/../../../../avr/lib/avr5\libm.a(fp_zero.o)
 .bss           0x00000000        0x0 c:/program files (x86)/atmel/studio/7.0/toolchain/avr8/avr8-gnu-toolchain/bin/../lib/gcc/avr/5.4.0/../../../../avr/lib/avr5\libm.a(fp_zero.o)
 .text          0x00000000        0x0 c:/program files (x86)/atmel/studio/7.0/toolchain/avr8/avr8-gnu-toolchain/bin/../lib/gcc/avr/5.4.0/../../../../avr/lib/avr5\libm.a(gesf2.o)
 .data          0x00000000        0x0 c:/program files (x86)/atmel/studio/7.0/toolchain/avr8/avr8-gnu-toolchain/bin/../lib/gcc/avr/5.4.0/../../../../avr/lib/avr5\libm.a(gesf2.o)
 .bss           0x00000000        0x0 c:/program files (x86)/atmel/studio/7.0/toolchain/avr8/avr8-gnu-toolchain/bin/../lib/gcc/avr/5.4.0/../../../../avr/lib/avr5\libm.a(gesf2.o)
 .text          0x00000000        0x0 c:/program files (x86)/atmel/studio/7.0/toolchain/avr8/avr8-gnu-toolchain/bin/../lib/gcc/avr/5.4.0/avr5\libgcc.a(_divmodhi4.o)
 .data          0x00000000        0x0 c:/program files (x86)/atmel/studio/7.0/toolchain/avr8/avr8-gnu-toolchain/bin/../lib/gcc/avr/5.4.0/avr5\libgcc.a(_divmodhi4.o)
 .bss           0x00000000        0x0 c:/program files (x86)/atmel/studio/7.0/toolchain/avr8/avr8-gnu-toolchain/bin/../lib/gcc/avr/5.4.0/avr5\libgcc.a(_divmodhi4.o)
 .text.libgcc.mul
                0x00000000        0x0 c:/program files (x86)/atmel/studio/7.0/toolchain/avr8/avr8-gnu-toolchain/bin/../lib/gcc/avr/5.4.0/avr5\libgcc.a(_divmodhi4.o)
 .text.libgcc   0x00000000        0x0 c:/program files (x86)/atmel/studio/7.0/toolchain/avr8/avr8-gnu-toolchain/bin/../lib/gcc/avr/5.4.0/avr5\libgcc.a(_divmodhi4.o)
 .text.libgcc.prologue
                0x00000000        0x0 c:/program files (x86)/atmel/studio/7.0/toolchain/avr8/avr8-gnu-toolchain/bin/../lib/gcc/avr/5.4.0/avr5\libgcc.a(_divmodhi4.o)
 .text.libgcc.builtins
                0x00000000        0x0 c:/program files (x86)/atmel/studio/7.0/toolchain/avr8/avr8-gnu-toolchain/bin/../lib/gcc/avr/5.4.0/avr5\libgcc.a(_divmodhi4.o)
 .text.libgcc.fmul
                0x00000000        0x0 c:/program files (x86)/atmel/studio/7.0/toolchain/avr8/avr8-gnu-toolchain/bin/../lib/gcc/avr/5.4.0/avr5\libgcc.a(_divmodhi4.o)
 .text.libgcc.fixed
                0x00000000        0x0 c:/program files (x86)/atmel/studio/7.0/toolchain/avr8/avr8-gnu-toolchain/bin/../lib/gcc/avr/5.4.0/avr5\libgcc.a(_divmodhi4.o)
 .text          0x00000000        0x0 c:/program files (x86)/atmel/studio/7.0/toolchain/avr8/avr8-gnu-toolchain/bin/../lib/gcc/avr/5.4.0/avr5\libgcc.a(_exit.o)
 .data          0x00000000        0x0 c:/program files (x86)/atmel/studio/7.0/toolchain/avr8/avr8-gnu-toolchain/bin/../lib/gcc/avr/5.4.0/avr5\libgcc.a(_exit.o)
 .bss           0x00000000        0x0 c:/program files (x86)/atmel/studio/7.0/toolchain/avr8/avr8-gnu-toolchain/bin/../lib/gcc/avr/5.4.0/avr5\libgcc.a(_exit.o)
 .text.libgcc.mul
                0x00000000        0x0 c:/program files (x86)/atmel/studio/7.0/toolchain/avr8/avr8-gnu-toolchain/bin/../lib/gcc/avr/5.4.0/avr5\libgcc.a(_exit.o)
 .text.libgcc.div
                0x00000000        0x0 c:/program files (x86)/atmel/studio/7.0/toolchain/avr8/avr8-gnu-toolchain/bin/../lib/gcc/avr/5.4.0/avr5\libgcc.a(_exit.o)
 .text.libgcc   0x00000000        0x0 c:/program files (x86)/atmel/studio/7.0/toolchain/avr8/avr8-gnu-toolchain/bin/../lib/gcc/avr/5.4.0/avr5\libgcc.a(_exit.o)
 .text.libgcc.prologue
                0x00000000        0x0 c:/program files (x86)/atmel/studio/7.0/toolchain/avr8/avr8-gnu-toolchain/bin/../lib/gcc/avr/5.4.0/avr5\libgcc.a(_exit.o)
 .text.libgcc.builtins
                0x00000000        0x0 c:/program files (x86)/atmel/studio/7.0/toolchain/avr8/avr8-gnu-toolchain/bin/../lib/gcc/avr/5.4.0/avr5\libgcc.a(_exit.o)
 .text.libgcc.fmul
                0x00000000        0x0 c:/program files (x86)/atmel/studio/7.0/toolchain/avr8/avr8-gnu-toolchain/bin/../lib/gcc/avr/5.4.0/avr5\libgcc.a(_exit.o)
 .text.libgcc.fixed
                0x00000000        0x0 c:/program files (x86)/atmel/studio/7.0/toolchain/avr8/avr8-gnu-toolchain/bin/../lib/gcc/avr/5.4.0/avr5\libgcc.a(_exit.o)
 .text          0x00000000        0x0 c:/program files (x86)/atmel/studio/7.0/toolchain/avr8/avr8-gnu-toolchain/bin/../lib/gcc/avr/5.4.0/avr5\libgcc.a(_tablejump2.o)
 .data          0x00000000        0x0 c:/program files (x86)/atmel/studio/7.0/toolchain/avr8/avr8-gnu-toolchain/bin/../lib/gcc/avr/5.4.0/avr5\libgcc.a(_tablejump2.o)
 .bss           0x00000000        0x0 c:/program files (x86)/atmel/studio/7.0/toolchain/avr8/avr8-gnu-toolchain/bin/../lib/gcc/avr/5.4.0/avr5\libgcc.a(_tablejump2.o)
 .text.libgcc.mul
                0x00000000        0x0 c:/program files (x86)/atmel/studio/7.0/toolchain/avr8/avr8-gnu-toolchain/bin/../lib/gcc/avr/5.4.0/avr5\libgcc.a(_tablejump2.o)
 .text.libgcc.div
                0x00000000        0x0 c:/program files (x86)/atmel/studio/7.0/toolchain/avr8/avr8-gnu-toolchain/bin/../lib/gcc/avr/5.4.0/avr5\libgcc.a(_tablejump2.o)
 .text.libgcc.prologue
                0x00000000        0x0 c:/program files (x86)/atmel/studio/7.0/toolchain/avr8/avr8-gnu-toolchain/bin/../lib/gcc/avr/5.4.0/avr5\libgcc.a(_tablejump2.o)
 .text.libgcc.builtins
                0x00000000        0x0 c:/program files (x86)/atmel/studio/7.0/toolchain/avr8/avr8-gnu-toolchain/bin/../lib/gcc/avr/5.4.0/avr5\libgcc.a(_tablejump2.o)
 .text.libgcc.fmul
                0x00000000        0x0 c:/program files (x86)/atmel/studio/7.0/toolchain/avr8/avr8-gnu-toolchain/bin/../lib/gcc/avr/5.4.0/avr5\libgcc.a(_tablejump2.o)
 .text.libgcc.fixed
                0x00000000        0x0 c:/program files (x86)/atmel/studio/7.0/toolchain/avr8/avr8-gnu-toolchain/bin/../lib/gcc/avr/5.4.0/avr5\libgcc.a(_tablejump2.o)
 .text          0x00000000        0x0 c:/program files (x86)/atmel/studio/7.0/toolchain/avr8/avr8-gnu-toolchain/bin/../lib/gcc/avr/5.4.0/avr5\libgcc.a(_copy_data.o)
 .data          0x00000000        0x0 c:/program files (x86)/atmel/studio/7.0/toolchain/avr8/avr8-gnu-toolchain/bin/../lib/gcc/avr/5.4.0/avr5\libgcc.a(_copy_data.o)
 .bss           0x00000000        0x0 c:/program files (x86)/atmel/studio/7.0/toolchain/avr8/avr8-gnu-toolchain/bin/../lib/gcc/avr/5.4.0/avr5\libgcc.a(_copy_data.o)
 .text.libgcc.mul
                0x00000000        0x0 c:/program files (x86)/atmel/studio/7.0/toolchain/avr8/avr8-gnu-toolchain/bin/../lib/gcc/avr/5.4.0/avr5\libgcc.a(_copy_data.o)
 .text.libgcc.div
                0x00000000        0x0 c:/program files (x86)/atmel/studio/7.0/toolchain/avr8/avr8-gnu-toolchain/bin/../lib/gcc/avr/5.4.0/avr5\libgcc.a(_copy_data.o)
 .text.libgcc   0x00000000        0x0 c:/program files (x86)/atmel/studio/7.0/toolchain/avr8/avr8-gnu-toolchain/bin/../lib/gcc/avr/5.4.0/avr5\libgcc.a(_copy_data.o)
 .text.libgcc.prologue
                0x00000000        0x0 c:/program files (x86)/atmel/studio/7.0/toolchain/avr8/avr8-gnu-toolchain/bin/../lib/gcc/avr/5.4.0/avr5\libgcc.a(_copy_data.o)
 .text.libgcc.builtins
                0x00000000        0x0 c:/program files (x86)/atmel/studio/7.0/toolchain/avr8/avr8-gnu-toolchain/bin/../lib/gcc/avr/5.4.0/avr5\libgcc.a(_copy_data.o)
 .text.libgcc.fmul
                0x00000000        0x0 c:/program files (x86)/atmel/studio/7.0/toolchain/avr8/avr8-gnu-toolchain/bin/../lib/gcc/avr/5.4.0/avr5\libgcc.a(_copy_data.o)
 .text.libgcc.fixed
                0x00000000        0x0 c:/program files (x86)/atmel/studio/7.0/toolchain/avr8/avr8-gnu-toolchain/bin/../lib/gcc/avr/5.4.0/avr5\libgcc.a(_copy_data.o)
 .text          0x00000000        0x0 c:/program files (x86)/atmel/studio/7.0/toolchain/avr8/avr8-gnu-toolchain/bin/../lib/gcc/avr/5.4.0/avr5\libgcc.a(_clear_bss.o)
 .data          0x00000000        0x0 c:/program files (x86)/atmel/studio/7.0/toolchain/avr8/avr8-gnu-toolchain/bin/../lib/gcc/avr/5.4.0/avr5\libgcc.a(_clear_bss.o)
 .bss           0x00000000        0x0 c:/program files (x86)/atmel/studio/7.0/toolchain/avr8/avr8-gnu-toolchain/bin/../lib/gcc/avr/5.4.0/avr5\libgcc.a(_clear_bss.o)
 .text.libgcc.mul
                0x00000000        0x0 c:/program files (x86)/atmel/studio/7.0/toolchain/avr8/avr8-gnu-toolchain/bin/../lib/gcc/avr/5.4.0/avr5\libgcc.a(_clear_bss.o)
 .text.libgcc.div
                0x00000000        0x0 c:/program files (x86)/atmel/studio/7.0/toolchain/avr8/avr8-gnu-toolchain/bin/../lib/gcc/avr/5.4.0/avr5\libgcc.a(_clear_bss.o)
 .text.libgcc   0x00000000        0x0 c:/program files (x86)/atmel/studio/7.0/toolchain/avr8/avr8-gnu-toolchain/bin/../lib/gcc/avr/5.4.0/avr5\libgcc.a(_clear_bss.o)
 .text.libgcc.prologue
                0x00000000        0x0 c:/program files (x86)/atmel/studio/7.0/toolchain/avr8/avr8-gnu-toolchain/bin/../lib/gcc/avr/5.4.0/avr5\libgcc.a(_clear_bss.o)
 .text.libgcc.builtins
                0x00000000        0x0 c:/program files (x86)/atmel/studio/7.0/toolchain/avr8/avr8-gnu-toolchain/bin/../lib/gcc/avr/5.4.0/avr5\libgcc.a(_clear_bss.o)
 .text.libgcc.fmul
                0x00000000        0x0 c:/program files (x86)/atmel/studio/7.0/toolchain/avr8/avr8-gnu-toolchain/bin/../lib/gcc/avr/5.4.0/avr5\libgcc.a(_clear_bss.o)
 .text.libgcc.fixed
                0x00000000        0x0 c:/program files (x86)/atmel/studio/7.0/toolchain/avr8/avr8-gnu-toolchain/bin/../lib/gcc/avr/5.4.0/avr5\libgcc.a(_clear_bss.o)
 .text          0x00000000        0x0 c:/program files (x86)/atmel/studio/7.0/toolchain/avr8/avr8-gnu-toolchain/bin/../lib/gcc/avr/5.4.0/avr5\libgcc.a(_udivmodhi4.o)
 .data          0x00000000        0x0 c:/program files (x86)/atmel/studio/7.0/toolchain/avr8/avr8-gnu-toolchain/bin/../lib/gcc/avr/5.4.0/avr5\libgcc.a(_udivmodhi4.o)
 .bss           0x00000000        0x0 c:/program files (x86)/atmel/studio/7.0/toolchain/avr8/avr8-gnu-toolchain/bin/../lib/gcc/avr/5.4.0/avr5\libgcc.a(_udivmodhi4.o)
 .text.libgcc.mul
                0x00000000        0x0 c:/program files (x86)/atmel/studio/7.0/toolchain/avr8/avr8-gnu-toolchain/bin/../lib/gcc/avr/5.4.0/avr5\libgcc.a(_udivmodhi4.o)
 .text.libgcc   0x00000000        0x0 c:/program files (x86)/atmel/studio/7.0/toolchain/avr8/avr8-gnu-toolchain/bin/../lib/gcc/avr/5.4.0/avr5\libgcc.a(_udivmodhi4.o)
 .text.libgcc.prologue
                0x00000000        0x0 c:/program files (x86)/atmel/studio/7.0/toolchain/avr8/avr8-gnu-toolchain/bin/../lib/gcc/avr/5.4.0/avr5\libgcc.a(_udivmodhi4.o)
 .text.libgcc.builtins
                0x00000000        0x0 c:/program files (x86)/atmel/studio/7.0/toolchain/avr8/avr8-gnu-toolchain/bin/../lib/gcc/avr/5.4.0/avr5\libgcc.a(_udivmodhi4.o)
 .text.libgcc.fmul
                0x00000000        0x0 c:/program files (x86)/atmel/studio/7.0/toolchain/avr8/avr8-gnu-toolchain/bin/../lib/gcc/avr/5.4.0/avr5\libgcc.a(_udivmodhi4.o)
 .text.libgcc.fixed
                0x00000000        0x0 c:/program files (x86)/atmel/studio/7.0/toolchain/avr8/avr8-gnu-toolchain/bin/../lib/gcc/avr/5.4.0/avr5\libgcc.a(_udivmodhi4.o)
 .text          0x00000000        0x0 c:/program files (x86)/atmel/studio/7.0/toolchain/avr8/avr8-gnu-toolchain/bin/../lib/gcc/avr/5.4.0/../../../../avr/lib/avr5\libc.a(itoa_ncheck.o)
 .data          0x00000000        0x0 c:/program files (x86)/atmel/studio/7.0/toolchain/avr8/avr8-gnu-toolchain/bin/../lib/gcc/avr/5.4.0/../../../../avr/lib/avr5\libc.a(itoa_ncheck.o)
 .bss           0x00000000        0x0 c:/program files (x86)/atmel/studio/7.0/toolchain/avr8/avr8-gnu-toolchain/bin/../lib/gcc/avr/5.4.0/../../../../avr/lib/avr5\libc.a(itoa_ncheck.o)
 .text          0x00000000        0x0 c:/program files (x86)/atmel/studio/7.0/toolchain/avr8/avr8-gnu-toolchain/bin/../lib/gcc/avr/5.4.0/../../../../avr/lib/avr5\libc.a(utoa_ncheck.o)
 .data          0x00000000        0x0 c:/program files (x86)/atmel/studio/7.0/toolchain/avr8/avr8-gnu-toolchain/bin/../lib/gcc/avr/5.4.0/../../../../avr/lib/avr5\libc.a(utoa_ncheck.o)
 .bss           0x00000000        0x0 c:/program files (x86)/atmel/studio/7.0/toolchain/avr8/avr8-gnu-toolchain/bin/../lib/gcc/avr/5.4.0/../../../../avr/lib/avr5\libc.a(utoa_ncheck.o)
 .text          0x00000000        0x0 c:/program files (x86)/atmel/studio/7.0/toolchain/avr8/avr8-gnu-toolchain/bin/../lib/gcc/avr/5.4.0/../../../../avr/lib/avr5\libc.a(strrev.o)
 .data          0x00000000        0x0 c:/program files (x86)/atmel/studio/7.0/toolchain/avr8/avr8-gnu-toolchain/bin/../lib/gcc/avr/5.4.0/../../../../avr/lib/avr5\libc.a(strrev.o)
 .bss           0x00000000        0x0 c:/program files (x86)/atmel/studio/7.0/toolchain/avr8/avr8-gnu-toolchain/bin/../lib/gcc/avr/5.4.0/../../../../avr/lib/avr5\libc.a(strrev.o)

Memory Configuration

Name             Origin             Length             Attributes
text             0x00000000         0x00008000         xr
data             0x00800060         0x00000800         rw !x
eeprom           0x00810000         0x00000400         rw !x
fuse             0x00820000         0x00000002         rw !x
lock             0x00830000         0x00000400         rw !x
signature        0x00840000         0x00000400         rw !x
user_signatures  0x00850000         0x00000400         rw !x
*default*        0x00000000         0xffffffff

Linker script and memory map

LOAD C:/Program Files (x86)/Atmel/Studio/7.0/Packs/atmel/ATmega_DFP/1.6.364/gcc/dev/atmega32/avr5/crtatmega32.o
LOAD APP/app.o
LOAD HAL/button/button.o
LOAD HAL/car_control/car_control.o
LOAD HAL/hextInt/HExtInt.o
LOAD HAL/hlcd/hlcd_Configure.o
LOAD HAL/hlcd/hlcd_Source.o
LOAD HAL/keypad/keypad and LCD intergration.o
LOAD HAL/keypad/keypad.o
LOAD HAL/motor/motor.o
LOAD HAL/pwm/pwm.o
LOAD HAL/timer_manager/timer_manager.o
LOAD HAL/Ultrasonic/ultrasonic.o
LOAD HAL/Ultrasonic/ultrasonic_cfg.o
LOAD main.o
LOAD MCAL/dio/dio.o
LOAD MCAL/ExtInt/EXTINT_Source.o
LOAD MCAL/timer/timer.o
START GROUP
LOAD c:/program files (x86)/atmel/studio/7.0/toolchain/avr8/avr8-gnu-toolchain/bin/../lib/gcc/avr/5.4.0/../../../../avr/lib/avr5\libm.a
END GROUP
START GROUP
LOAD c:/program files (x86)/atmel/studio/7.0/toolchain/avr8/avr8-gnu-toolchain/bin/../lib/gcc/avr/5.4.0/avr5\libgcc.a
LOAD c:/program files (x86)/atmel/studio/7.0/toolchain/avr8/avr8-gnu-toolchain/bin/../lib/gcc/avr/5.4.0/../../../../avr/lib/avr5\libm.a
LOAD c:/program files (x86)/atmel/studio/7.0/toolchain/avr8/avr8-gnu-toolchain/bin/../lib/gcc/avr/5.4.0/../../../../avr/lib/avr5\libc.a
LOAD C:/Program Files (x86)/Atmel/Studio/7.0/Packs/atmel/ATmega_DFP/1.6.364/gcc/dev/atmega32/avr5\libatmega32.a
END GROUP
                0x00000000                __TEXT_REGION_ORIGIN__ = DEFINED (__TEXT_REGION_ORIGIN__)?__TEXT_REGION_ORIGIN__:0x0
                [0x00800060]                __DATA_REGION_ORIGIN__ = DEFINED (__DATA_REGION_ORIGIN__)?__DATA_REGION_ORIGIN__:0x800060
                [0x00008000]                __TEXT_REGION_LENGTH__ = DEFINED (__TEXT_REGION_LENGTH__)?__TEXT_REGION_LENGTH__:0x20000
                [0x00000800]                __DATA_REGION_LENGTH__ = DEFINED (__DATA_REGION_LENGTH__)?__DATA_REGION_LENGTH__:0xffa0
                [0x00000400]                __EEPROM_REGION_LENGTH__ = DEFINED (__EEPROM_REGION_LENGTH__)?__EEPROM_REGION_LENGTH__:0x10000
                [0x00000002]                __FUSE_REGION_LENGTH__ = DEFINED (__FUSE_REGION_LENGTH__)?__FUSE_REGION_LENGTH__:0x400
                0x00000400                __LOCK_REGION_LENGTH__ = DEFINED (__LOCK_REGION_LENGTH__)?__LOCK_REGION_LENGTH__:0x400
                0x00000400                __SIGNATURE_REGION_LENGTH__ = DEFINED (__SIGNATURE_REGION_LENGTH__)?__SIGNATURE_REGION_LENGTH__:0x400
                0x00000400                __USER_SIGNATURE_REGION_LENGTH__ = DEFINED (__USER_SIGNATURE_REGION_LENGTH__)?__USER_SIGNATURE_REGION_LENGTH__:0x400

.hash
 *(.hash)

.dynsym
 *(.dynsym)

.dynstr
 *(.dynstr)

.gnu.version
 *(.gnu.version)

.gnu.version_d
 *(.gnu.version_d)

.gnu.version_r
 *(.gnu.version_r)

.rel.init
 *(.rel.init)

.rela.init
 *(.rela.init)

.rel.text
 *(.rel.text)
 *(.rel.text.*)
 *(.rel.gnu.linkonce.t*)

.rela.text
 *(.rela.text)
 *(.rela.text.*)
 *(.rela.gnu.linkonce.t*)

.rel.fini
 *(.rel.fini)

.rela.fini
 *(.rela.fini)

.rel.rodata
 *(.rel.rodata)
 *(.rel.rodata.*)
 *(.rel.gnu.linkonce.r*)

.rela.rodata
 *(.rela.rodata)
 *(.rela.rodata.*)
 *(.rela.gnu.linkonce.r*)

.rel.data
 *(.rel.data)
 *(.rel.data.*)
 *(.rel.gnu.linkonce.d*)

.rela.data
 *(.rela.data)
 *(.rela.data.*)
 *(.rela.gnu.linkonce.d*)

.rel.ctors
 *(.rel.ctors)

.rela.ctors
 *(.rela.ctors)

.rel.dtors
 *(.rel.dtors)

.rela.dtors
 *(.rela.dtors)

.rel.got
 *(.rel.got)

.rela.got
 *(.rela.got)

.rel.bss
 *(.rel.bss)

.rela.bss
 *(.rela.bss)

.rel.plt
 *(.rel.plt)

.rela.plt
 *(.rela.plt)

.text           0x00000000     0x1fe2
 *(.vectors)
 .vectors       0x00000000       0x54 C:/Program Files (x86)/Atmel/Studio/7.0/Packs/atmel/ATmega_DFP/1.6.364/gcc/dev/atmega32/avr5/crtatmega32.o
                0x00000000                __vector_default
                0x00000000                __vectors
 *(.vectors)
 *(.progmem.gcc*)
 .progmem.gcc_sw_table.TIMER_start
                0x00000054       0x38 MCAL/timer/timer.o
                0x0000008c                . = ALIGN (0x2)
                0x0000008c                __trampolines_start = .
 *(.trampolines)
 .trampolines   0x0000008c        0x0 linker stubs
 *(.trampolines*)
                0x0000008c                __trampolines_end = .
 *libprintf_flt.a:*(.progmem.data)
 *libc.a:*(.progmem.data)
 *(.progmem*)
                0x0000008c                . = ALIGN (0x2)
 *(.jumptables)
 *(.jumptables*)
 *(.lowtext)
 *(.lowtext*)
                0x0000008c                __ctors_start = .
 *(.ctors)
                0x0000008c                __ctors_end = .
                0x0000008c                __dtors_start = .
 *(.dtors)
                0x0000008c                __dtors_end = .
 SORT(*)(.ctors)
 SORT(*)(.dtors)
 *(.init0)
 .init0         0x0000008c        0x0 C:/Program Files (x86)/Atmel/Studio/7.0/Packs/atmel/ATmega_DFP/1.6.364/gcc/dev/atmega32/avr5/crtatmega32.o
                0x0000008c                __init
 *(.init0)
 *(.init1)
 *(.init1)
 *(.init2)
 .init2         0x0000008c        0xc C:/Program Files (x86)/Atmel/Studio/7.0/Packs/atmel/ATmega_DFP/1.6.364/gcc/dev/atmega32/avr5/crtatmega32.o
 *(.init2)
 *(.init3)
 *(.init3)
 *(.init4)
 .init4         0x00000098       0x16 c:/program files (x86)/atmel/studio/7.0/toolchain/avr8/avr8-gnu-toolchain/bin/../lib/gcc/avr/5.4.0/avr5\libgcc.a(_copy_data.o)
                0x00000098                __do_copy_data
 .init4         0x000000ae       0x10 c:/program files (x86)/atmel/studio/7.0/toolchain/avr8/avr8-gnu-toolchain/bin/../lib/gcc/avr/5.4.0/avr5\libgcc.a(_clear_bss.o)
                0x000000ae                __do_clear_bss
 *(.init4)
 *(.init5)
 *(.init5)
 *(.init6)
 *(.init6)
 *(.init7)
 *(.init7)
 *(.init8)
 *(.init8)
 *(.init9)
 .init9         0x000000be        0x8 C:/Program Files (x86)/Atmel/Studio/7.0/Packs/atmel/ATmega_DFP/1.6.364/gcc/dev/atmega32/avr5/crtatmega32.o
 *(.init9)
 *(.text)
 .text          0x000000c6        0x4 C:/Program Files (x86)/Atmel/Studio/7.0/Packs/atmel/ATmega_DFP/1.6.364/gcc/dev/atmega32/avr5/crtatmega32.o
                0x000000c6                __vector_12
                0x000000c6                __bad_interrupt
                0x000000c6                __vector_6
                0x000000c6                __vector_13
                0x000000c6                __vector_17
                0x000000c6                __vector_19
                0x000000c6                __vector_7
                0x000000c6                __vector_4
                0x000000c6                __vector_15
                0x000000c6                __vector_8
                0x000000c6                __vector_14
                0x000000c6                __vector_10
                0x000000c6                __vector_16
                0x000000c6                __vector_18
                0x000000c6                __vector_20
                0x000000ca                . = ALIGN (0x2)
 *(.text.*)
 .text.BUTTON_vidChangeDir
                0x000000ca        0xe APP/app.o
                0x000000ca                BUTTON_vidChangeDir
 .text.TIMER1_callBackFunc
                0x000000d8       0x14 APP/app.o
                0x000000d8                TIMER1_callBackFunc
 .text.APP_vidInit
                0x000000ec       0x46 APP/app.o
                0x000000ec                APP_vidInit
 .text.APP_updateDirection
                0x00000132       0xa4 APP/app.o
                0x00000132                APP_updateDirection
 .text.APP_vidStart
                0x000001d6      0x590 APP/app.o
                0x000001d6                APP_vidStart
 .text.CAR_init
                0x00000766       0x28 HAL/car_control/car_control.o
                0x00000766                CAR_init
 .text.CAR_forward
                0x0000078e       0x28 HAL/car_control/car_control.o
                0x0000078e                CAR_forward
 .text.CAR_backword
                0x000007b6       0x28 HAL/car_control/car_control.o
                0x000007b6                CAR_backword
 .text.CAR_reverse_right
                0x000007de       0x28 HAL/car_control/car_control.o
                0x000007de                CAR_reverse_right
 .text.CAR_reverse_left
                0x00000806       0x28 HAL/car_control/car_control.o
                0x00000806                CAR_reverse_left
 .text.CAR_stop
                0x0000082e       0x28 HAL/car_control/car_control.o
                0x0000082e                CAR_stop
 .text.HExtInt_enInit
                0x00000856       0x2c HAL/hextInt/HExtInt.o
                0x00000856                HExtInt_enInit
 .text.HExtInt_enCBFInt0
                0x00000882       0x10 HAL/hextInt/HExtInt.o
                0x00000882                HExtInt_enCBFInt0
 .text.HExtInt0_enIntDisable
                0x00000892        0x6 HAL/hextInt/HExtInt.o
                0x00000892                HExtInt0_enIntDisable
 .text.HExtInt0_enIntEnable
                0x00000898        0x6 HAL/hextInt/HExtInt.o
                0x00000898                HExtInt0_enIntEnable
 .text.HLCD_vidWritecmd
                0x0000089e       0xf4 HAL/hlcd/hlcd_Source.o
                0x0000089e                HLCD_vidWritecmd
 .text.HLCD_vidInit
                0x00000992       0xc2 HAL/hlcd/hlcd_Source.o
                0x00000992                HLCD_vidInit
 .text.HLCD_vidWriteChar
                0x00000a54       0xf4 HAL/hlcd/hlcd_Source.o
                0x00000a54                HLCD_vidWriteChar
 .text.HLCD_ClrDisplay
                0x00000b48       0x2e HAL/hlcd/hlcd_Source.o
                0x00000b48                HLCD_ClrDisplay
 .text.HLCD_gotoXY
                0x00000b76       0x30 HAL/hlcd/hlcd_Source.o
                0x00000b76                HLCD_gotoXY
 .text.HLCD_WriteString
                0x00000ba6       0x3a HAL/hlcd/hlcd_Source.o
                0x00000ba6                HLCD_WriteString
 .text.HLCD_WriteInt
                0x00000be0       0x3e HAL/hlcd/hlcd_Source.o
                0x00000be0                HLCD_WriteInt
 .text.KEYPAD_init
                0x00000c1e       0x7a HAL/keypad/keypad.o
                0x00000c1e                KEYPAD_init
 .text.KEYPAD_read
                0x00000c98       0xfa HAL/keypad/keypad.o
                0x00000c98                KEYPAD_read
 .text.MOTOR_INIT
                0x00000d92       0x30 HAL/motor/motor.o
                0x00000d92                MOTOR_INIT
 .text.MOTOR_FORWARD
                0x00000dc2       0x30 HAL/motor/motor.o
                0x00000dc2                MOTOR_FORWARD
 .text.MOTOR_BACKWARD
                0x00000df2       0x30 HAL/motor/motor.o
                0x00000df2                MOTOR_BACKWARD
 .text.MOTOR_STOP
                0x00000e22       0x30 HAL/motor/motor.o
                0x00000e22                MOTOR_STOP
 .text.TIMER0_callBackFunc
                0x00000e52       0x4a HAL/pwm/pwm.o
                0x00000e52                TIMER0_callBackFunc
 .text.PWM_init
                0x00000e9c       0x1e HAL/pwm/pwm.o
                0x00000e9c                PWM_init
 .text.PWM_start
                0x00000eba       0x58 HAL/pwm/pwm.o
                0x00000eba                PWM_start
 .text.PWM_stop
                0x00000f12       0x22 HAL/pwm/pwm.o
                0x00000f12                PWM_stop
 .text.TIMER_Manager_init
                0x00000f34       0x40 HAL/timer_manager/timer_manager.o
                0x00000f34                TIMER_Manager_init
 .text.TIMER_Manager_start
                0x00000f74       0x24 HAL/timer_manager/timer_manager.o
                0x00000f74                TIMER_Manager_start
 .text.TIMER_Manager_stop
                0x00000f98        0xe HAL/timer_manager/timer_manager.o
                0x00000f98                TIMER_Manager_stop
 .text.TIMER_Manager_reset
                0x00000fa6       0x24 HAL/timer_manager/timer_manager.o
                0x00000fa6                TIMER_Manager_reset
 .text.HULTRASONIC_vidTrigger
                0x00000fca       0x1e HAL/Ultrasonic/ultrasonic.o
 .text.HULTRASONIC_vidTimerCBF
                0x00000fe8       0x28 HAL/Ultrasonic/ultrasonic.o
                0x00000fe8                HULTRASONIC_vidTimerCBF
 .text.HULTRASONIC_vidSigCalc
                0x00001010       0xdc HAL/Ultrasonic/ultrasonic.o
                0x00001010                HULTRASONIC_vidSigCalc
 .text.HULTRASONIC_vidInit
                0x000010ec       0x34 HAL/Ultrasonic/ultrasonic.o
                0x000010ec                HULTRASONIC_vidInit
 .text.HULTRASONIC_vidInterruptEnable
                0x00001120        0xe HAL/Ultrasonic/ultrasonic.o
                0x00001120                HULTRASONIC_vidInterruptEnable
 .text.HULTRASONIC_vidInterruptDisable
                0x0000112e        0xa HAL/Ultrasonic/ultrasonic.o
                0x0000112e                HULTRASONIC_vidInterruptDisable
 .text.HULTRASONIC_u8Read
                0x00001138       0x16 HAL/Ultrasonic/ultrasonic.o
                0x00001138                HULTRASONIC_u8Read
 .text.HULTRASONIC_vidCBF_TIM
                0x0000114e        0x6 HAL/Ultrasonic/ultrasonic.o
                0x0000114e                HULTRASONIC_vidCBF_TIM
 .text.HULTRASONIC_vidCBF_INT
                0x00001154        0x6 HAL/Ultrasonic/ultrasonic.o
                0x00001154                HULTRASONIC_vidCBF_INT
 .text.main     0x0000115a        0xa main.o
                0x0000115a                main
 .text.DIO_init
                0x00001164       0x74 MCAL/dio/dio.o
                0x00001164                DIO_init
 .text.DIO_writePIN
                0x000011d8       0xf6 MCAL/dio/dio.o
                0x000011d8                DIO_writePIN
 .text.DIO_readPIN
                0x000012ce       0xd6 MCAL/dio/dio.o
                0x000012ce                DIO_readPIN
 .text.vidExtInt_init
                0x000013a4       0xfa MCAL/ExtInt/EXTINT_Source.o
                0x000013a4                vidExtInt_init
 .text.MEXTINT_vidCallBackFuncInt0
                0x0000149e        0xa MCAL/ExtInt/EXTINT_Source.o
                0x0000149e                MEXTINT_vidCallBackFuncInt0
 .text.MEXTINT_vidCallBackFunc
                0x000014a8        0xa MCAL/ExtInt/EXTINT_Source.o
                0x000014a8                MEXTINT_vidCallBackFunc
 .text.MEXTINT_vidDisableInterrupt
                0x000014b2        0x8 MCAL/ExtInt/EXTINT_Source.o
                0x000014b2                MEXTINT_vidDisableInterrupt
 .text.MEXTINT_vidEnableInterrupt
                0x000014ba        0xe MCAL/ExtInt/EXTINT_Source.o
                0x000014ba                MEXTINT_vidEnableInterrupt
 .text.MEXTINT2_vidDisableInterrupt
                0x000014c8        0x8 MCAL/ExtInt/EXTINT_Source.o
                0x000014c8                MEXTINT2_vidDisableInterrupt
 .text.MEXTINT2_vidEnableInterrupt
                0x000014d0        0xe MCAL/ExtInt/EXTINT_Source.o
                0x000014d0                MEXTINT2_vidEnableInterrupt
 .text.__vector_1
                0x000014de       0x4e MCAL/ExtInt/EXTINT_Source.o
                0x000014de                __vector_1
 .text.__vector_2
                0x0000152c       0x4e MCAL/ExtInt/EXTINT_Source.o
                0x0000152c                __vector_2
 .text.__vector_3
                0x0000157a       0x4e MCAL/ExtInt/EXTINT_Source.o
                0x0000157a                __vector_3
 .text.__vector_11
                0x000015c8       0x60 MCAL/timer/timer.o
                0x000015c8                __vector_11
 .text.__vector_9
                0x00001628       0x60 MCAL/timer/timer.o
                0x00001628                __vector_9
 .text.TIMER_init
                0x00001688      0x112 MCAL/timer/timer.o
                0x00001688                TIMER_init
 .text.TIMER_start
                0x0000179a      0x298 MCAL/timer/timer.o
                0x0000179a                TIMER_start
 .text.TIMER_stop
                0x00001a32       0x5a MCAL/timer/timer.o
                0x00001a32                TIMER_stop
 .text.TIMER_reset
                0x00001a8c       0x50 MCAL/timer/timer.o
                0x00001a8c                TIMER_reset
 .text.TIMER_setCallBack
                0x00001adc       0x3a MCAL/timer/timer.o
                0x00001adc                TIMER_setCallBack
 .text.enuTimer2_init
                0x00001b16       0x5e MCAL/timer/timer.o
                0x00001b16                enuTimer2_init
 .text.u8Timer2_setPrescallar
                0x00001b74       0x28 MCAL/timer/timer.o
                0x00001b74                u8Timer2_setPrescallar
 .text.vidTimer2_OvfIrqEnable
                0x00001b9c       0x10 MCAL/timer/timer.o
                0x00001b9c                vidTimer2_OvfIrqEnable
 .text.vidTimer2_OvfIrqDisable
                0x00001bac        0xa MCAL/timer/timer.o
                0x00001bac                vidTimer2_OvfIrqDisable
 .text.vidTimer2_start
                0x00001bb6       0x14 MCAL/timer/timer.o
                0x00001bb6                vidTimer2_start
 .text.vidTimer2_stop
                0x00001bca        0xe MCAL/timer/timer.o
                0x00001bca                vidTimer2_stop
 .text.vidTimer2_setcbf_OVF
                0x00001bd8        0xe MCAL/timer/timer.o
                0x00001bd8                vidTimer2_setcbf_OVF
 .text.MTIMER_vidResetTCNT
                0x00001be6        0x4 MCAL/timer/timer.o
                0x00001be6                MTIMER_vidResetTCNT
 .text.MTIMER_u8GetTCNT
                0x00001bea        0x4 MCAL/timer/timer.o
                0x00001bea                MTIMER_u8GetTCNT
 .text.MTIMER_vidEnableGlobalInterrupt
                0x00001bee        0x8 MCAL/timer/timer.o
                0x00001bee                MTIMER_vidEnableGlobalInterrupt
 .text.__vector_5
                0x00001bf6       0x68 MCAL/timer/timer.o
                0x00001bf6                __vector_5
 .text.avr-libc.fplib
                0x00001c5e        0xa c:/program files (x86)/atmel/studio/7.0/toolchain/avr8/avr8-gnu-toolchain/bin/../lib/gcc/avr/5.4.0/../../../../avr/lib/avr5\libm.a(cmpsf2.o)
                0x00001c5e                __nesf2
                0x00001c5e                __eqsf2
                0x00001c5e                __cmpsf2
                0x00001c5e                __ltsf2
                0x00001c5e                __lesf2
 .text.avr-libc.fplib
                0x00001c68        0x8 c:/program files (x86)/atmel/studio/7.0/toolchain/avr8/avr8-gnu-toolchain/bin/../lib/gcc/avr/5.4.0/../../../../avr/lib/avr5\libm.a(divsf3.o)
                0x00001c68                __divsf3
 .text.avr-libc.fplib
                0x00001c70       0xdc c:/program files (x86)/atmel/studio/7.0/toolchain/avr8/avr8-gnu-toolchain/bin/../lib/gcc/avr/5.4.0/../../../../avr/lib/avr5\libm.a(divsf3x.o)
                0x00001c90                __divsf3x
                0x00001c96                __divsf3_pse
 .text.avr-libc.fplib
                0x00001d4c       0x5e c:/program files (x86)/atmel/studio/7.0/toolchain/avr8/avr8-gnu-toolchain/bin/../lib/gcc/avr/5.4.0/../../../../avr/lib/avr5\libm.a(fixunssfsi.o)
                0x00001d4c                __fixunssfsi
 .text.avr-libc.fplib
                0x00001daa       0x7a c:/program files (x86)/atmel/studio/7.0/toolchain/avr8/avr8-gnu-toolchain/bin/../lib/gcc/avr/5.4.0/../../../../avr/lib/avr5\libm.a(floatsisf.o)
                0x00001daa                __floatunsisf
                0x00001dae                __floatsisf
 .text.avr-libc.fplib
                0x00001e24       0x48 c:/program files (x86)/atmel/studio/7.0/toolchain/avr8/avr8-gnu-toolchain/bin/../lib/gcc/avr/5.4.0/../../../../avr/lib/avr5\libm.a(fp_cmp.o)
                0x00001e24                __fp_cmp
 .text.avr-libc.fplib
                0x00001e6c        0xc c:/program files (x86)/atmel/studio/7.0/toolchain/avr8/avr8-gnu-toolchain/bin/../lib/gcc/avr/5.4.0/../../../../avr/lib/avr5\libm.a(fp_inf.o)
                0x00001e6c                __fp_inf
 .text.avr-libc.fplib
                0x00001e78        0x6 c:/program files (x86)/atmel/studio/7.0/toolchain/avr8/avr8-gnu-toolchain/bin/../lib/gcc/avr/5.4.0/../../../../avr/lib/avr5\libm.a(fp_nan.o)
                0x00001e78                __fp_nan
 .text.avr-libc.fplib
                0x00001e7e        0xe c:/program files (x86)/atmel/studio/7.0/toolchain/avr8/avr8-gnu-toolchain/bin/../lib/gcc/avr/5.4.0/../../../../avr/lib/avr5\libm.a(fp_pscA.o)
                0x00001e7e                __fp_pscA
 .text.avr-libc.fplib
                0x00001e8c        0xe c:/program files (x86)/atmel/studio/7.0/toolchain/avr8/avr8-gnu-toolchain/bin/../lib/gcc/avr/5.4.0/../../../../avr/lib/avr5\libm.a(fp_pscB.o)
                0x00001e8c                __fp_pscB
 .text.avr-libc.fplib
                0x00001e9a       0x22 c:/program files (x86)/atmel/studio/7.0/toolchain/avr8/avr8-gnu-toolchain/bin/../lib/gcc/avr/5.4.0/../../../../avr/lib/avr5\libm.a(fp_round.o)
                0x00001e9a                __fp_round
 .text.avr-libc.fplib
                0x00001ebc       0x44 c:/program files (x86)/atmel/studio/7.0/toolchain/avr8/avr8-gnu-toolchain/bin/../lib/gcc/avr/5.4.0/../../../../avr/lib/avr5\libm.a(fp_split3.o)
                0x00001ebc                __fp_split3
                0x00001ecc                __fp_splitA
 .text.avr-libc.fplib
                0x00001f00        0xe c:/program files (x86)/atmel/studio/7.0/toolchain/avr8/avr8-gnu-toolchain/bin/../lib/gcc/avr/5.4.0/../../../../avr/lib/avr5\libm.a(fp_zero.o)
                0x00001f00                __fp_zero
                0x00001f02                __fp_szero
 .text.avr-libc.fplib
                0x00001f0e        0xa c:/program files (x86)/atmel/studio/7.0/toolchain/avr8/avr8-gnu-toolchain/bin/../lib/gcc/avr/5.4.0/../../../../avr/lib/avr5\libm.a(gesf2.o)
                0x00001f0e                __gesf2
                0x00001f0e                __gtsf2
 .text.libgcc.div
                0x00001f18       0x28 c:/program files (x86)/atmel/studio/7.0/toolchain/avr8/avr8-gnu-toolchain/bin/../lib/gcc/avr/5.4.0/avr5\libgcc.a(_divmodhi4.o)
                0x00001f18                _div
                0x00001f18                __divmodhi4
 .text.libgcc   0x00001f40        0xc c:/program files (x86)/atmel/studio/7.0/toolchain/avr8/avr8-gnu-toolchain/bin/../lib/gcc/avr/5.4.0/avr5\libgcc.a(_tablejump2.o)
                0x00001f40                __tablejump2__
 .text.libgcc.div
                0x00001f4c       0x28 c:/program files (x86)/atmel/studio/7.0/toolchain/avr8/avr8-gnu-toolchain/bin/../lib/gcc/avr/5.4.0/avr5\libgcc.a(_udivmodhi4.o)
                0x00001f4c                __udivmodhi4
 .text.avr-libc
                0x00001f74       0x16 c:/program files (x86)/atmel/studio/7.0/toolchain/avr8/avr8-gnu-toolchain/bin/../lib/gcc/avr/5.4.0/../../../../avr/lib/avr5\libc.a(itoa_ncheck.o)
                0x00001f74                __itoa_ncheck
 .text.avr-libc
                0x00001f8a       0x34 c:/program files (x86)/atmel/studio/7.0/toolchain/avr8/avr8-gnu-toolchain/bin/../lib/gcc/avr/5.4.0/../../../../avr/lib/avr5\libc.a(utoa_ncheck.o)
                0x00001f8a                __utoa_ncheck
                0x00001f8c                __utoa_common
 .text.avr-libc
                0x00001fbe       0x20 c:/program files (x86)/atmel/studio/7.0/toolchain/avr8/avr8-gnu-toolchain/bin/../lib/gcc/avr/5.4.0/../../../../avr/lib/avr5\libc.a(strrev.o)
                0x00001fbe                strrev
                0x00001fde                . = ALIGN (0x2)
 *(.fini9)
 .fini9         0x00001fde        0x0 c:/program files (x86)/atmel/studio/7.0/toolchain/avr8/avr8-gnu-toolchain/bin/../lib/gcc/avr/5.4.0/avr5\libgcc.a(_exit.o)
                0x00001fde                _exit
                0x00001fde                exit
 *(.fini9)
 *(.fini8)
 *(.fini8)
 *(.fini7)
 *(.fini7)
 *(.fini6)
 *(.fini6)
 *(.fini5)
 *(.fini5)
 *(.fini4)
 *(.fini4)
 *(.fini3)
 *(.fini3)
 *(.fini2)
 *(.fini2)
 *(.fini1)
 *(.fini1)
 *(.fini0)
 .fini0         0x00001fde        0x4 c:/program files (x86)/atmel/studio/7.0/toolchain/avr8/avr8-gnu-toolchain/bin/../lib/gcc/avr/5.4.0/avr5\libgcc.a(_exit.o)
 *(.fini0)
                0x00001fe2                _etext = .

.data           0x00800060       0xf2 load address 0x00001fe2
                0x00800060                PROVIDE (__data_start, .)
 *(.data)
 *(.data*)
 .data.st_timer1Config
                0x00800060        0x7 APP/app.o
                0x00800060                st_timer1Config
 .data.st_gs_keypadConfig
                0x00800067        0xe APP/app.o
                0x00800067                st_gs_keypadConfig
 .data.en_motorSel
                0x00800075        0x1 APP/app.o
                0x00800075                en_motorSel
 .data.ST_motor_2
                0x00800076        0x3 HAL/car_control/car_control.o
                0x00800076                ST_motor_2
 .data.ST_motor_1
                0x00800079        0x3 HAL/car_control/car_control.o
                0x00800079                ST_motor_1
 .data.dataPin  0x0080007c        0x8 HAL/hlcd/hlcd_Configure.o
                0x0080007c                dataPin
 .data.st_timer0Config
                0x00800084        0x7 HAL/pwm/pwm.o
                0x00800084                st_timer0Config
 .data.global_ovf
                0x0080008b        0x1 MCAL/timer/timer.o
 *(.gnu.linkonce.d*)
 *(.rodata)
 *(.rodata*)
 .rodata.str1.1
                0x0080008c       0xb9 APP/app.o
 .rodata.keypad
                0x00800145        0xc HAL/keypad/keypad.o
 *(.gnu.linkonce.r*)
                0x00800152                . = ALIGN (0x2)
 *fill*         0x00800151        0x1 
                0x00800152                _edata = .
                0x00800152                PROVIDE (__data_end, .)

.bss            0x00800152       0x30
                0x00800152                PROVIDE (__bss_start, .)
 *(.bss)
 *(.bss*)
 .bss.en_Dist_states
                0x00800152        0x1 APP/app.o
                0x00800152                en_Dist_states
 .bss.en_start_state
                0x00800153        0x1 APP/app.o
                0x00800153                en_start_state
 .bss.u8_g_dirStateCounter
                0x00800154        0x1 APP/app.o
                0x00800154                u8_g_dirStateCounter
 .bss.u8_g_OneSecTicks
                0x00800155        0x1 APP/app.o
                0x00800155                u8_g_OneSecTicks
 .bss.flag4     0x00800156        0x1 APP/app.o
                0x00800156                flag4
 .bss.flag3     0x00800157        0x1 APP/app.o
                0x00800157                flag3
 .bss.flag2     0x00800158        0x1 APP/app.o
                0x00800158                flag2
 .bss.flag1     0x00800159        0x1 APP/app.o
                0x00800159                flag1
 .bss.u8_gs_dir
                0x0080015a        0x1 HAL/pwm/pwm.o
 .bss.u8_gs_cycle
                0x0080015b        0x1 HAL/pwm/pwm.o
 .bss.u8_gs_duty_counter
                0x0080015c        0x1 HAL/pwm/pwm.o
 .bss.u8_gs_duty
                0x0080015d        0x1 HAL/pwm/pwm.o
 .bss.u8_gs_pwm_counter
                0x0080015e        0x1 HAL/pwm/pwm.o
 .bss.u8_gs_pwm_state
                0x0080015f        0x1 HAL/pwm/pwm.o
 .bss.global_f64distance
                0x00800160        0x4 HAL/Ultrasonic/ultrasonic.o
 .bss.g_v_u8_flag
                0x00800164        0x1 HAL/Ultrasonic/ultrasonic.o
                0x00800164                g_v_u8_flag
 .bss.g_v_u16_ovfCounts
                0x00800165        0x4 HAL/Ultrasonic/ultrasonic.o
                0x00800165                g_v_u16_ovfCounts
 .bss.callBackFunc
                0x00800169        0x2 MCAL/ExtInt/EXTINT_Source.o
                0x00800169                callBackFunc
 .bss.callBack  0x0080016b        0x2 MCAL/ExtInt/EXTINT_Source.o
                0x0080016b                callBack
 .bss.callBackFuncInt0
                0x0080016d        0x2 MCAL/ExtInt/EXTINT_Source.o
                0x0080016d                callBackFuncInt0
 .bss.counter.1817
                0x0080016f        0x1 MCAL/timer/timer.o
 .bss.globalCallFunc
                0x00800170        0x2 MCAL/timer/timer.o
 .bss.global_timerStatus
                0x00800172        0x1 MCAL/timer/timer.o
 .bss.global_prescaller
                0x00800173        0x1 MCAL/timer/timer.o
 .bss.sg_Timer1_callBackPtr
                0x00800174        0x2 MCAL/timer/timer.o
 .bss.sg_Timer0_callBackPtr
                0x00800176        0x2 MCAL/timer/timer.o
 *(COMMON)
 COMMON         0x00800178        0x5 APP/app.o
                0x00800178                u8KeyRead
                0x00800179                global_f64Dist
 COMMON         0x0080017d        0x5 HAL/Ultrasonic/ultrasonic.o
                0x0080017d                g_v_u8_cap
                0x0080017e                g_v_u16_ovf
                0x00800182                PROVIDE (__bss_end, .)
                0x00001fe2                __data_load_start = LOADADDR (.data)
                0x000020d4                __data_load_end = (__data_load_start + SIZEOF (.data))

.noinit         0x00800182        0x0
                [!provide]                PROVIDE (__noinit_start, .)
 *(.noinit*)
                [!provide]                PROVIDE (__noinit_end, .)
                0x00800182                _end = .
                [!provide]                PROVIDE (__heap_start, .)

.eeprom         0x00810000        0x0
 *(.eeprom*)
                0x00810000                __eeprom_end = .

.fuse
 *(.fuse)
 *(.lfuse)
 *(.hfuse)
 *(.efuse)

.lock
 *(.lock*)

.signature
 *(.signature*)

.user_signatures
 *(.user_signatures*)

.stab
 *(.stab)

.stabstr
 *(.stabstr)

.stab.excl
 *(.stab.excl)

.stab.exclstr
 *(.stab.exclstr)

.stab.index
 *(.stab.index)

.stab.indexstr
 *(.stab.indexstr)

.comment        0x00000000       0x30
 *(.comment)
 .comment       0x00000000       0x30 APP/app.o
                                 0x31 (size before relaxing)
 .comment       0x00000030       0x31 HAL/car_control/car_control.o
 .comment       0x00000030       0x31 HAL/hextInt/HExtInt.o
 .comment       0x00000030       0x31 HAL/hlcd/hlcd_Configure.o
 .comment       0x00000030       0x31 HAL/hlcd/hlcd_Source.o
 .comment       0x00000030       0x31 HAL/keypad/keypad.o
 .comment       0x00000030       0x31 HAL/motor/motor.o
 .comment       0x00000030       0x31 HAL/pwm/pwm.o
 .comment       0x00000030       0x31 HAL/timer_manager/timer_manager.o
 .comment       0x00000030       0x31 HAL/Ultrasonic/ultrasonic.o
 .comment       0x00000030       0x31 main.o
 .comment       0x00000030       0x31 MCAL/dio/dio.o
 .comment       0x00000030       0x31 MCAL/ExtInt/EXTINT_Source.o
 .comment       0x00000030       0x31 MCAL/timer/timer.o

.note.gnu.avr.deviceinfo
                0x00000000       0x3c
 .note.gnu.avr.deviceinfo
                0x00000000       0x3c C:/Program Files (x86)/Atmel/Studio/7.0/Packs/atmel/ATmega_DFP/1.6.364/gcc/dev/atmega32/avr5/crtatmega32.o

.note.gnu.build-id
 *(.note.gnu.build-id)

.debug
 *(.debug)

.line
 *(.line)

.debug_srcinfo
 *(.debug_srcinfo)

.debug_sfnames
 *(.debug_sfnames)

.debug_aranges  0x00000000      0x3f0
 *(.debug_aranges)
 .debug_aranges
                0x00000000       0x40 APP/app.o
 .debug_aranges
                0x00000040       0x48 HAL/car_control/car_control.o
 .debug_aranges
                0x00000088       0x40 HAL/hextInt/HExtInt.o
 .debug_aranges
                0x000000c8       0x18 HAL/hlcd/hlcd_Configure.o
 .debug_aranges
                0x000000e0       0x68 HAL/hlcd/hlcd_Source.o
 .debug_aranges
                0x00000148       0x28 HAL/keypad/keypad.o
 .debug_aranges
                0x00000170       0x38 HAL/motor/motor.o
 .debug_aranges
                0x000001a8       0x38 HAL/pwm/pwm.o
 .debug_aranges
                0x000001e0       0x38 HAL/timer_manager/timer_manager.o
 .debug_aranges
                0x00000218       0x60 HAL/Ultrasonic/ultrasonic.o
 .debug_aranges
                0x00000278       0x20 main.o
 .debug_aranges
                0x00000298       0x30 MCAL/dio/dio.o
 .debug_aranges
                0x000002c8       0x78 MCAL/ExtInt/EXTINT_Source.o
 .debug_aranges
                0x00000340       0xb0 MCAL/timer/timer.o

.debug_pubnames
 *(.debug_pubnames)

.debug_info     0x00000000     0x4a21
 *(.debug_info .gnu.linkonce.wi.*)
 .debug_info    0x00000000      0x4e6 C:/Program Files (x86)/Atmel/Studio/7.0/Packs/atmel/ATmega_DFP/1.6.364/gcc/dev/atmega32/avr5/crtatmega32.o
 .debug_info    0x000004e6     0x1079 APP/app.o
 .debug_info    0x0000155f      0x4be HAL/car_control/car_control.o
 .debug_info    0x00001a1d      0x370 HAL/hextInt/HExtInt.o
 .debug_info    0x00001d8d      0x121 HAL/hlcd/hlcd_Configure.o
 .debug_info    0x00001eae      0xd35 HAL/hlcd/hlcd_Source.o
 .debug_info    0x00002be3      0x3a4 HAL/keypad/keypad.o
 .debug_info    0x00002f87      0x2cf HAL/motor/motor.o
 .debug_info    0x00003256      0x352 HAL/pwm/pwm.o
 .debug_info    0x000035a8      0x29d HAL/timer_manager/timer_manager.o
 .debug_info    0x00003845      0x62f HAL/Ultrasonic/ultrasonic.o
 .debug_info    0x00003e74       0xae main.o
 .debug_info    0x00003f22      0x208 MCAL/dio/dio.o
 .debug_info    0x0000412a      0x2b2 MCAL/ExtInt/EXTINT_Source.o
 .debug_info    0x000043dc      0x645 MCAL/timer/timer.o

.debug_abbrev   0x00000000     0x1622
 *(.debug_abbrev)
 .debug_abbrev  0x00000000      0x4a3 C:/Program Files (x86)/Atmel/Studio/7.0/Packs/atmel/ATmega_DFP/1.6.364/gcc/dev/atmega32/avr5/crtatmega32.o
 .debug_abbrev  0x000004a3      0x1d1 APP/app.o
 .debug_abbrev  0x00000674       0xd8 HAL/car_control/car_control.o
 .debug_abbrev  0x0000074c      0x138 HAL/hextInt/HExtInt.o
 .debug_abbrev  0x00000884       0x81 HAL/hlcd/hlcd_Configure.o
 .debug_abbrev  0x00000905      0x30c HAL/hlcd/hlcd_Source.o
 .debug_abbrev  0x00000c11      0x125 HAL/keypad/keypad.o
 .debug_abbrev  0x00000d36       0xd7 HAL/motor/motor.o
 .debug_abbrev  0x00000e0d      0x143 HAL/pwm/pwm.o
 .debug_abbrev  0x00000f50       0xf1 HAL/timer_manager/timer_manager.o
 .debug_abbrev  0x00001041      0x1de HAL/Ultrasonic/ultrasonic.o
 .debug_abbrev  0x0000121f       0x68 main.o
 .debug_abbrev  0x00001287       0xa5 MCAL/dio/dio.o
 .debug_abbrev  0x0000132c      0x105 MCAL/ExtInt/EXTINT_Source.o
 .debug_abbrev  0x00001431      0x1f1 MCAL/timer/timer.o

.debug_line     0x00000000     0x2c1d
 *(.debug_line .debug_line.* .debug_line_end)
 .debug_line    0x00000000      0x116 C:/Program Files (x86)/Atmel/Studio/7.0/Packs/atmel/ATmega_DFP/1.6.364/gcc/dev/atmega32/avr5/crtatmega32.o
 .debug_line    0x00000116      0x7ce APP/app.o
 .debug_line    0x000008e4      0x225 HAL/car_control/car_control.o
 .debug_line    0x00000b09      0x194 HAL/hextInt/HExtInt.o
 .debug_line    0x00000c9d       0x78 HAL/hlcd/hlcd_Configure.o
 .debug_line    0x00000d15      0x55e HAL/hlcd/hlcd_Source.o
 .debug_line    0x00001273      0x1d1 HAL/keypad/keypad.o
 .debug_line    0x00001444      0x168 HAL/motor/motor.o
 .debug_line    0x000015ac      0x244 HAL/pwm/pwm.o
 .debug_line    0x000017f0      0x1b5 HAL/timer_manager/timer_manager.o
 .debug_line    0x000019a5      0x36d HAL/Ultrasonic/ultrasonic.o
 .debug_line    0x00001d12       0x5b main.o
 .debug_line    0x00001d6d      0x239 MCAL/dio/dio.o
 .debug_line    0x00001fa6      0x303 MCAL/ExtInt/EXTINT_Source.o
 .debug_line    0x000022a9      0x974 MCAL/timer/timer.o

.debug_frame    0x00000000      0x96c
 *(.debug_frame)
 .debug_frame   0x00000000       0x78 APP/app.o
 .debug_frame   0x00000078       0xa4 HAL/car_control/car_control.o
 .debug_frame   0x0000011c       0x70 HAL/hextInt/HExtInt.o
 .debug_frame   0x0000018c      0x134 HAL/hlcd/hlcd_Source.o
 .debug_frame   0x000002c0       0x6c HAL/keypad/keypad.o
 .debug_frame   0x0000032c       0x84 HAL/motor/motor.o
 .debug_frame   0x000003b0       0x5c HAL/pwm/pwm.o
 .debug_frame   0x0000040c       0x64 HAL/timer_manager/timer_manager.o
 .debug_frame   0x00000470       0xa4 HAL/Ultrasonic/ultrasonic.o
 .debug_frame   0x00000514       0x24 main.o
 .debug_frame   0x00000538       0x44 MCAL/dio/dio.o
 .debug_frame   0x0000057c      0x1ac MCAL/ExtInt/EXTINT_Source.o
 .debug_frame   0x00000728      0x244 MCAL/timer/timer.o

.debug_str      0x00000000     0x143b
 *(.debug_str)
 .debug_str     0x00000000      0x196 C:/Program Files (x86)/Atmel/Studio/7.0/Packs/atmel/ATmega_DFP/1.6.364/gcc/dev/atmega32/avr5/crtatmega32.o
 .debug_str     0x00000196      0x7c6 APP/app.o
                                0x819 (size before relaxing)
 .debug_str     0x0000095c       0xfe HAL/car_control/car_control.o
                                0x31c (size before relaxing)
 .debug_str     0x00000a5a      0x14c HAL/hextInt/HExtInt.o
                                0x3e9 (size before relaxing)
 .debug_str     0x00000ba6       0x44 HAL/hlcd/hlcd_Configure.o
                                0x233 (size before relaxing)
 .debug_str     0x00000bea      0x106 HAL/hlcd/hlcd_Source.o
                                0x462 (size before relaxing)
 .debug_str     0x00000cf0       0x59 HAL/keypad/keypad.o
                                0x2fa (size before relaxing)
 .debug_str     0x00000d49       0x2b HAL/motor/motor.o
                                0x2c4 (size before relaxing)
 .debug_str     0x00000d74       0xd2 HAL/pwm/pwm.o
                                0x3ce (size before relaxing)
 .debug_str     0x00000e46       0x90 HAL/timer_manager/timer_manager.o
                                0x33e (size before relaxing)
 .debug_str     0x00000ed6      0x2f7 HAL/Ultrasonic/ultrasonic.o
                                0x6b1 (size before relaxing)
 .debug_str     0x000011cd       0x11 main.o
                                0x1c7 (size before relaxing)
 .debug_str     0x000011de       0x1c MCAL/dio/dio.o
                                0x2a7 (size before relaxing)
 .debug_str     0x000011fa       0x9a MCAL/ExtInt/EXTINT_Source.o
                                0x3c2 (size before relaxing)
 .debug_str     0x00001294      0x1a7 MCAL/timer/timer.o
                                0x636 (size before relaxing)

.debug_loc      0x00000000     0x2a63
 *(.debug_loc)
 .debug_loc     0x00000000      0x169 APP/app.o
 .debug_loc     0x00000169      0x2ee HAL/car_control/car_control.o
 .debug_loc     0x00000457      0x14d HAL/hextInt/HExtInt.o
 .debug_loc     0x000005a4      0xbf1 HAL/hlcd/hlcd_Source.o
 .debug_loc     0x00001195      0x1c7 HAL/keypad/keypad.o
 .debug_loc     0x0000135c      0x194 HAL/motor/motor.o
 .debug_loc     0x000014f0      0x159 HAL/pwm/pwm.o
 .debug_loc     0x00001649      0x2e5 HAL/timer_manager/timer_manager.o
 .debug_loc     0x0000192e       0x91 HAL/Ultrasonic/ultrasonic.o
 .debug_loc     0x000019bf      0x2b5 MCAL/dio/dio.o
 .debug_loc     0x00001c74      0x42f MCAL/ExtInt/EXTINT_Source.o
 .debug_loc     0x000020a3      0x9c0 MCAL/timer/timer.o

.debug_macinfo
 *(.debug_macinfo)

.debug_weaknames
 *(.debug_weaknames)

.debug_funcnames
 *(.debug_funcnames)

.debug_typenames
 *(.debug_typenames)

.debug_varnames
 *(.debug_varnames)

.debug_pubtypes
 *(.debug_pubtypes)

.debug_ranges   0x00000000      0x320
 *(.debug_ranges)
 .debug_ranges  0x00000000       0x30 APP/app.o
 .debug_ranges  0x00000030       0x38 HAL/car_control/car_control.o
 .debug_ranges  0x00000068       0x30 HAL/hextInt/HExtInt.o
 .debug_ranges  0x00000098       0x70 HAL/hlcd/hlcd_Source.o
 .debug_ranges  0x00000108       0x18 HAL/keypad/keypad.o
 .debug_ranges  0x00000120       0x28 HAL/motor/motor.o
 .debug_ranges  0x00000148       0x28 HAL/pwm/pwm.o
 .debug_ranges  0x00000170       0x28 HAL/timer_manager/timer_manager.o
 .debug_ranges  0x00000198       0x50 HAL/Ultrasonic/ultrasonic.o
 .debug_ranges  0x000001e8       0x10 main.o
 .debug_ranges  0x000001f8       0x20 MCAL/dio/dio.o
 .debug_ranges  0x00000218       0x68 MCAL/ExtInt/EXTINT_Source.o
 .debug_ranges  0x00000280       0xa0 MCAL/timer/timer.o

.debug_macro
 *(.debug_macro)
OUTPUT(Obstacal avoiding car.elf elf32-avr)
LOAD linker stubs
