Archive member included to satisfy reference by file (symbol)

c:/program files (x86)/atmel/studio/7.0/toolchain/avr8/avr8-gnu-toolchain/bin/../lib/gcc/avr/5.4.0/avr5\libgcc.a(_exit.o)
                              C:/Program Files (x86)/Atmel/Studio/7.0/Packs/Atmel/ATmega_DFP/2.0.401/gcc/dev/atmega32a/avr5/crtatmega32a.o (exit)
c:/program files (x86)/atmel/studio/7.0/toolchain/avr8/avr8-gnu-toolchain/bin/../lib/gcc/avr/5.4.0/avr5\libgcc.a(_copy_data.o)
                              application/app.o (__do_copy_data)
c:/program files (x86)/atmel/studio/7.0/toolchain/avr8/avr8-gnu-toolchain/bin/../lib/gcc/avr/5.4.0/avr5\libgcc.a(_clear_bss.o)
                              application/app.o (__do_clear_bss)

Discarded input sections

 .data          0x00000000        0x0 C:/Program Files (x86)/Atmel/Studio/7.0/Packs/Atmel/ATmega_DFP/2.0.401/gcc/dev/atmega32a/avr5/crtatmega32a.o
 .bss           0x00000000        0x0 C:/Program Files (x86)/Atmel/Studio/7.0/Packs/Atmel/ATmega_DFP/2.0.401/gcc/dev/atmega32a/avr5/crtatmega32a.o
 .text          0x00000000        0x0 application/app.o
 .data          0x00000000        0x0 application/app.o
 .bss           0x00000000        0x0 application/app.o
 .text          0x00000000        0x0 ecual/led/led.o
 .data          0x00000000        0x0 ecual/led/led.o
 .bss           0x00000000        0x0 ecual/led/led.o
 .text.LED_toggle
                0x00000000        0xc ecual/led/led.o
 .text          0x00000000        0x0 main.o
 .data          0x00000000        0x0 main.o
 .bss           0x00000000        0x0 main.o
 .text          0x00000000        0x0 manager/bcm/bcm_conf.o
 .data          0x00000000        0x0 manager/bcm/bcm_conf.o
 .bss           0x00000000        0x0 manager/bcm/bcm_conf.o
 .text          0x00000000        0x0 manager/bcm/bcm_source.o
 .data          0x00000000        0x0 manager/bcm/bcm_source.o
 .bss           0x00000000        0x0 manager/bcm/bcm_source.o
 .text.bcm_deinit
                0x00000000       0x50 manager/bcm/bcm_source.o
 .text.bcm_send
                0x00000000       0x7a manager/bcm/bcm_source.o
 .text          0x00000000        0x0 mcal/dio/dio_conf.o
 .data          0x00000000        0x0 mcal/dio/dio_conf.o
 .bss           0x00000000        0x0 mcal/dio/dio_conf.o
 .debug_line    0x00000000        0x0 mcal/dio/dio_conf.o
 .debug_str     0x00000000      0x137 mcal/dio/dio_conf.o
 .comment       0x00000000       0x31 mcal/dio/dio_conf.o
 .text          0x00000000        0x0 mcal/dio/dio_source.o
 .data          0x00000000        0x0 mcal/dio/dio_source.o
 .bss           0x00000000        0x0 mcal/dio/dio_source.o
 .text.dio_toggle
                0x00000000       0x84 mcal/dio/dio_source.o
 .text.dio_read_pin
                0x00000000       0x8c mcal/dio/dio_source.o
 .text.dio_read_port
                0x00000000       0x3c mcal/dio/dio_source.o
 .text.dio_write_port
                0x00000000       0x2c mcal/dio/dio_source.o
 .text          0x00000000        0x0 mcal/uart/uart_conf.o
 .data          0x00000000        0x0 mcal/uart/uart_conf.o
 .bss           0x00000000        0x0 mcal/uart/uart_conf.o
 .text          0x00000000        0x0 mcal/uart/uart_source.o
 .data          0x00000000        0x0 mcal/uart/uart_source.o
 .bss           0x00000000        0x0 mcal/uart/uart_source.o
 .text.uart_txci_enable
                0x00000000        0x8 mcal/uart/uart_source.o
 .text.uart_txci_disable
                0x00000000        0x8 mcal/uart/uart_source.o
 .text          0x00000000        0x0 c:/program files (x86)/atmel/studio/7.0/toolchain/avr8/avr8-gnu-toolchain/bin/../lib/gcc/avr/5.4.0/avr5\libgcc.a(_exit.o)
 .data          0x00000000        0x0 c:/program files (x86)/atmel/studio/7.0/toolchain/avr8/avr8-gnu-toolchain/bin/../lib/gcc/avr/5.4.0/avr5\libgcc.a(_exit.o)
 .bss           0x00000000        0x0 c:/program files (x86)/atmel/studio/7.0/toolchain/avr8/avr8-gnu-toolchain/bin/../lib/gcc/avr/5.4.0/avr5\libgcc.a(_exit.o)
 .text.libgcc.mul
                0x00000000        0x0 c:/program files (x86)/atmel/studio/7.0/toolchain/avr8/avr8-gnu-toolchain/bin/../lib/gcc/avr/5.4.0/avr5\libgcc.a(_exit.o)
 .text.libgcc.div
                0x00000000        0x0 c:/program files (x86)/atmel/studio/7.0/toolchain/avr8/avr8-gnu-toolchain/bin/../lib/gcc/avr/5.4.0/avr5\libgcc.a(_exit.o)
 .text.libgcc   0x00000000        0x0 c:/program files (x86)/atmel/studio/7.0/toolchain/avr8/avr8-gnu-toolchain/bin/../lib/gcc/avr/5.4.0/avr5\libgcc.a(_exit.o)
 .text.libgcc.prologue
                0x00000000        0x0 c:/program files (x86)/atmel/studio/7.0/toolchain/avr8/avr8-gnu-toolchain/bin/../lib/gcc/avr/5.4.0/avr5\libgcc.a(_exit.o)
 .text.libgcc.builtins
                0x00000000        0x0 c:/program files (x86)/atmel/studio/7.0/toolchain/avr8/avr8-gnu-toolchain/bin/../lib/gcc/avr/5.4.0/avr5\libgcc.a(_exit.o)
 .text.libgcc.fmul
                0x00000000        0x0 c:/program files (x86)/atmel/studio/7.0/toolchain/avr8/avr8-gnu-toolchain/bin/../lib/gcc/avr/5.4.0/avr5\libgcc.a(_exit.o)
 .text.libgcc.fixed
                0x00000000        0x0 c:/program files (x86)/atmel/studio/7.0/toolchain/avr8/avr8-gnu-toolchain/bin/../lib/gcc/avr/5.4.0/avr5\libgcc.a(_exit.o)
 .text          0x00000000        0x0 c:/program files (x86)/atmel/studio/7.0/toolchain/avr8/avr8-gnu-toolchain/bin/../lib/gcc/avr/5.4.0/avr5\libgcc.a(_copy_data.o)
 .data          0x00000000        0x0 c:/program files (x86)/atmel/studio/7.0/toolchain/avr8/avr8-gnu-toolchain/bin/../lib/gcc/avr/5.4.0/avr5\libgcc.a(_copy_data.o)
 .bss           0x00000000        0x0 c:/program files (x86)/atmel/studio/7.0/toolchain/avr8/avr8-gnu-toolchain/bin/../lib/gcc/avr/5.4.0/avr5\libgcc.a(_copy_data.o)
 .text.libgcc.mul
                0x00000000        0x0 c:/program files (x86)/atmel/studio/7.0/toolchain/avr8/avr8-gnu-toolchain/bin/../lib/gcc/avr/5.4.0/avr5\libgcc.a(_copy_data.o)
 .text.libgcc.div
                0x00000000        0x0 c:/program files (x86)/atmel/studio/7.0/toolchain/avr8/avr8-gnu-toolchain/bin/../lib/gcc/avr/5.4.0/avr5\libgcc.a(_copy_data.o)
 .text.libgcc   0x00000000        0x0 c:/program files (x86)/atmel/studio/7.0/toolchain/avr8/avr8-gnu-toolchain/bin/../lib/gcc/avr/5.4.0/avr5\libgcc.a(_copy_data.o)
 .text.libgcc.prologue
                0x00000000        0x0 c:/program files (x86)/atmel/studio/7.0/toolchain/avr8/avr8-gnu-toolchain/bin/../lib/gcc/avr/5.4.0/avr5\libgcc.a(_copy_data.o)
 .text.libgcc.builtins
                0x00000000        0x0 c:/program files (x86)/atmel/studio/7.0/toolchain/avr8/avr8-gnu-toolchain/bin/../lib/gcc/avr/5.4.0/avr5\libgcc.a(_copy_data.o)
 .text.libgcc.fmul
                0x00000000        0x0 c:/program files (x86)/atmel/studio/7.0/toolchain/avr8/avr8-gnu-toolchain/bin/../lib/gcc/avr/5.4.0/avr5\libgcc.a(_copy_data.o)
 .text.libgcc.fixed
                0x00000000        0x0 c:/program files (x86)/atmel/studio/7.0/toolchain/avr8/avr8-gnu-toolchain/bin/../lib/gcc/avr/5.4.0/avr5\libgcc.a(_copy_data.o)
 .text          0x00000000        0x0 c:/program files (x86)/atmel/studio/7.0/toolchain/avr8/avr8-gnu-toolchain/bin/../lib/gcc/avr/5.4.0/avr5\libgcc.a(_clear_bss.o)
 .data          0x00000000        0x0 c:/program files (x86)/atmel/studio/7.0/toolchain/avr8/avr8-gnu-toolchain/bin/../lib/gcc/avr/5.4.0/avr5\libgcc.a(_clear_bss.o)
 .bss           0x00000000        0x0 c:/program files (x86)/atmel/studio/7.0/toolchain/avr8/avr8-gnu-toolchain/bin/../lib/gcc/avr/5.4.0/avr5\libgcc.a(_clear_bss.o)
 .text.libgcc.mul
                0x00000000        0x0 c:/program files (x86)/atmel/studio/7.0/toolchain/avr8/avr8-gnu-toolchain/bin/../lib/gcc/avr/5.4.0/avr5\libgcc.a(_clear_bss.o)
 .text.libgcc.div
                0x00000000        0x0 c:/program files (x86)/atmel/studio/7.0/toolchain/avr8/avr8-gnu-toolchain/bin/../lib/gcc/avr/5.4.0/avr5\libgcc.a(_clear_bss.o)
 .text.libgcc   0x00000000        0x0 c:/program files (x86)/atmel/studio/7.0/toolchain/avr8/avr8-gnu-toolchain/bin/../lib/gcc/avr/5.4.0/avr5\libgcc.a(_clear_bss.o)
 .text.libgcc.prologue
                0x00000000        0x0 c:/program files (x86)/atmel/studio/7.0/toolchain/avr8/avr8-gnu-toolchain/bin/../lib/gcc/avr/5.4.0/avr5\libgcc.a(_clear_bss.o)
 .text.libgcc.builtins
                0x00000000        0x0 c:/program files (x86)/atmel/studio/7.0/toolchain/avr8/avr8-gnu-toolchain/bin/../lib/gcc/avr/5.4.0/avr5\libgcc.a(_clear_bss.o)
 .text.libgcc.fmul
                0x00000000        0x0 c:/program files (x86)/atmel/studio/7.0/toolchain/avr8/avr8-gnu-toolchain/bin/../lib/gcc/avr/5.4.0/avr5\libgcc.a(_clear_bss.o)
 .text.libgcc.fixed
                0x00000000        0x0 c:/program files (x86)/atmel/studio/7.0/toolchain/avr8/avr8-gnu-toolchain/bin/../lib/gcc/avr/5.4.0/avr5\libgcc.a(_clear_bss.o)

Memory Configuration

Name             Origin             Length             Attributes
text             0x00000000         0x00008000         xr
data             0x00800060         0x00000800         rw !x
eeprom           0x00810000         0x00000400         rw !x
fuse             0x00820000         0x00000002         rw !x
lock             0x00830000         0x00000400         rw !x
signature        0x00840000         0x00000400         rw !x
user_signatures  0x00850000         0x00000400         rw !x
*default*        0x00000000         0xffffffff

Linker script and memory map

LOAD C:/Program Files (x86)/Atmel/Studio/7.0/Packs/Atmel/ATmega_DFP/2.0.401/gcc/dev/atmega32a/avr5/crtatmega32a.o
LOAD application/app.o
LOAD ecual/led/led.o
LOAD main.o
LOAD manager/bcm/bcm_conf.o
LOAD manager/bcm/bcm_source.o
LOAD mcal/dio/dio_conf.o
LOAD mcal/dio/dio_source.o
LOAD mcal/uart/uart_conf.o
LOAD mcal/uart/uart_source.o
START GROUP
LOAD c:/program files (x86)/atmel/studio/7.0/toolchain/avr8/avr8-gnu-toolchain/bin/../lib/gcc/avr/5.4.0/../../../../avr/lib/avr5\libm.a
END GROUP
START GROUP
LOAD c:/program files (x86)/atmel/studio/7.0/toolchain/avr8/avr8-gnu-toolchain/bin/../lib/gcc/avr/5.4.0/avr5\libgcc.a
LOAD c:/program files (x86)/atmel/studio/7.0/toolchain/avr8/avr8-gnu-toolchain/bin/../lib/gcc/avr/5.4.0/../../../../avr/lib/avr5\libm.a
LOAD c:/program files (x86)/atmel/studio/7.0/toolchain/avr8/avr8-gnu-toolchain/bin/../lib/gcc/avr/5.4.0/../../../../avr/lib/avr5\libc.a
LOAD C:/Program Files (x86)/Atmel/Studio/7.0/Packs/Atmel/ATmega_DFP/2.0.401/gcc/dev/atmega32a/avr5\libatmega32a.a
END GROUP
                [0x00000000]                __TEXT_REGION_ORIGIN__ = DEFINED (__TEXT_REGION_ORIGIN__)?__TEXT_REGION_ORIGIN__:0x0
                [0x00800060]                __DATA_REGION_ORIGIN__ = DEFINED (__DATA_REGION_ORIGIN__)?__DATA_REGION_ORIGIN__:0x800060
                [0x00008000]                __TEXT_REGION_LENGTH__ = DEFINED (__TEXT_REGION_LENGTH__)?__TEXT_REGION_LENGTH__:0x20000
                [0x00000800]                __DATA_REGION_LENGTH__ = DEFINED (__DATA_REGION_LENGTH__)?__DATA_REGION_LENGTH__:0xffa0
                [0x00000400]                __EEPROM_REGION_LENGTH__ = DEFINED (__EEPROM_REGION_LENGTH__)?__EEPROM_REGION_LENGTH__:0x10000
                [0x00000002]                __FUSE_REGION_LENGTH__ = DEFINED (__FUSE_REGION_LENGTH__)?__FUSE_REGION_LENGTH__:0x400
                0x00000400                __LOCK_REGION_LENGTH__ = DEFINED (__LOCK_REGION_LENGTH__)?__LOCK_REGION_LENGTH__:0x400
                0x00000400                __SIGNATURE_REGION_LENGTH__ = DEFINED (__SIGNATURE_REGION_LENGTH__)?__SIGNATURE_REGION_LENGTH__:0x400
                0x00000400                __USER_SIGNATURE_REGION_LENGTH__ = DEFINED (__USER_SIGNATURE_REGION_LENGTH__)?__USER_SIGNATURE_REGION_LENGTH__:0x400

.hash
 *(.hash)

.dynsym
 *(.dynsym)

.dynstr
 *(.dynstr)

.gnu.version
 *(.gnu.version)

.gnu.version_d
 *(.gnu.version_d)

.gnu.version_r
 *(.gnu.version_r)

.rel.init
 *(.rel.init)

.rela.init
 *(.rela.init)

.rel.text
 *(.rel.text)
 *(.rel.text.*)
 *(.rel.gnu.linkonce.t*)

.rela.text
 *(.rela.text)
 *(.rela.text.*)
 *(.rela.gnu.linkonce.t*)

.rel.fini
 *(.rel.fini)

.rela.fini
 *(.rela.fini)

.rel.rodata
 *(.rel.rodata)
 *(.rel.rodata.*)
 *(.rel.gnu.linkonce.r*)

.rela.rodata
 *(.rela.rodata)
 *(.rela.rodata.*)
 *(.rela.gnu.linkonce.r*)

.rel.data
 *(.rel.data)
 *(.rel.data.*)
 *(.rel.gnu.linkonce.d*)

.rela.data
 *(.rela.data)
 *(.rela.data.*)
 *(.rela.gnu.linkonce.d*)

.rel.ctors
 *(.rel.ctors)

.rela.ctors
 *(.rela.ctors)

.rel.dtors
 *(.rel.dtors)

.rela.dtors
 *(.rela.dtors)

.rel.got
 *(.rel.got)

.rela.got
 *(.rela.got)

.rel.bss
 *(.rel.bss)

.rela.bss
 *(.rela.bss)

.rel.plt
 *(.rel.plt)

.rela.plt
 *(.rela.plt)

.text           0x00000000      0x8c8
 *(.vectors)
 .vectors       0x00000000       0x54 C:/Program Files (x86)/Atmel/Studio/7.0/Packs/Atmel/ATmega_DFP/2.0.401/gcc/dev/atmega32a/avr5/crtatmega32a.o
                0x00000000                __vector_default
                0x00000000                __vectors
 *(.vectors)
 *(.progmem.gcc*)
                0x00000054                . = ALIGN (0x2)
                0x00000054                __trampolines_start = .
 *(.trampolines)
 .trampolines   0x00000054        0x0 linker stubs
 *(.trampolines*)
                0x00000054                __trampolines_end = .
 *libprintf_flt.a:*(.progmem.data)
 *libc.a:*(.progmem.data)
 *(.progmem*)
                0x00000054                . = ALIGN (0x2)
 *(.jumptables)
 *(.jumptables*)
 *(.lowtext)
 *(.lowtext*)
                0x00000054                __ctors_start = .
 *(.ctors)
                0x00000054                __ctors_end = .
                0x00000054                __dtors_start = .
 *(.dtors)
                0x00000054                __dtors_end = .
 SORT(*)(.ctors)
 SORT(*)(.dtors)
 *(.init0)
 .init0         0x00000054        0x0 C:/Program Files (x86)/Atmel/Studio/7.0/Packs/Atmel/ATmega_DFP/2.0.401/gcc/dev/atmega32a/avr5/crtatmega32a.o
                0x00000054                __init
 *(.init0)
 *(.init1)
 *(.init1)
 *(.init2)
 .init2         0x00000054        0xc C:/Program Files (x86)/Atmel/Studio/7.0/Packs/Atmel/ATmega_DFP/2.0.401/gcc/dev/atmega32a/avr5/crtatmega32a.o
 *(.init2)
 *(.init3)
 *(.init3)
 *(.init4)
 .init4         0x00000060       0x16 c:/program files (x86)/atmel/studio/7.0/toolchain/avr8/avr8-gnu-toolchain/bin/../lib/gcc/avr/5.4.0/avr5\libgcc.a(_copy_data.o)
                0x00000060                __do_copy_data
 .init4         0x00000076       0x10 c:/program files (x86)/atmel/studio/7.0/toolchain/avr8/avr8-gnu-toolchain/bin/../lib/gcc/avr/5.4.0/avr5\libgcc.a(_clear_bss.o)
                0x00000076                __do_clear_bss
 *(.init4)
 *(.init5)
 *(.init5)
 *(.init6)
 *(.init6)
 *(.init7)
 *(.init7)
 *(.init8)
 *(.init8)
 *(.init9)
 .init9         0x00000086        0x8 C:/Program Files (x86)/Atmel/Studio/7.0/Packs/Atmel/ATmega_DFP/2.0.401/gcc/dev/atmega32a/avr5/crtatmega32a.o
 *(.init9)
 *(.text)
 .text          0x0000008e        0x4 C:/Program Files (x86)/Atmel/Studio/7.0/Packs/Atmel/ATmega_DFP/2.0.401/gcc/dev/atmega32a/avr5/crtatmega32a.o
                0x0000008e                __vector_1
                0x0000008e                __vector_12
                0x0000008e                __bad_interrupt
                0x0000008e                __vector_6
                0x0000008e                __vector_3
                0x0000008e                __vector_11
                0x0000008e                __vector_17
                0x0000008e                __vector_19
                0x0000008e                __vector_7
                0x0000008e                __vector_5
                0x0000008e                __vector_4
                0x0000008e                __vector_9
                0x0000008e                __vector_2
                0x0000008e                __vector_15
                0x0000008e                __vector_8
                0x0000008e                __vector_10
                0x0000008e                __vector_16
                0x0000008e                __vector_18
                0x0000008e                __vector_20
                0x00000092                . = ALIGN (0x2)
 *(.text.*)
 .text.app_init
                0x00000092       0x40 application/app.o
                0x00000092                app_init
 .text.app_start
                0x000000d2       0x7e application/app.o
                0x000000d2                app_start
 .text.LED_init
                0x00000150       0x18 ecual/led/led.o
                0x00000150                LED_init
 .text.LED_on   0x00000168       0x1a ecual/led/led.o
                0x00000168                LED_on
 .text.LED_off  0x00000182       0x18 ecual/led/led.o
                0x00000182                LED_off
 .text.main     0x0000019a        0xa main.o
                0x0000019a                main
 .text.uart_tx_callback
                0x000001a4       0x9a manager/bcm/bcm_source.o
                0x000001a4                uart_tx_callback
 .text.uart_rx_callback
                0x0000023e       0xd4 manager/bcm/bcm_source.o
                0x0000023e                uart_rx_callback
 .text.bcm_init
                0x00000312       0x76 manager/bcm/bcm_source.o
                0x00000312                bcm_init
 .text.bcm_send_n
                0x00000388       0x8e manager/bcm/bcm_source.o
                0x00000388                bcm_send_n
 .text.bcm_recive_n
                0x00000416       0x62 manager/bcm/bcm_source.o
                0x00000416                bcm_recive_n
 .text.bcm_dispatcher
                0x00000478       0x64 manager/bcm/bcm_source.o
                0x00000478                bcm_dispatcher
 .text.dio_init
                0x000004dc      0x110 mcal/dio/dio_source.o
                0x000004dc                dio_init
 .text.dio_write_pin
                0x000005ec      0x110 mcal/dio/dio_source.o
                0x000005ec                dio_write_pin
 .text.uart_init
                0x000006fc       0xaa mcal/uart/uart_source.o
                0x000006fc                uart_init
 .text.uart_udrei_enable
                0x000007a6        0x8 mcal/uart/uart_source.o
                0x000007a6                uart_udrei_enable
 .text.uart_udrei_disable
                0x000007ae        0x8 mcal/uart/uart_source.o
                0x000007ae                uart_udrei_disable
 .text.uart_rxci_enable
                0x000007b6        0x8 mcal/uart/uart_source.o
                0x000007b6                uart_rxci_enable
 .text.uart_rxci_disable
                0x000007be        0x8 mcal/uart/uart_source.o
                0x000007be                uart_rxci_disable
 .text.uart_write
                0x000007c6       0x1c mcal/uart/uart_source.o
                0x000007c6                uart_write
 .text.uart_read
                0x000007e2       0x2a mcal/uart/uart_source.o
                0x000007e2                uart_read
 .text.uart_write_INT
                0x0000080c        0xe mcal/uart/uart_source.o
                0x0000080c                uart_write_INT
 .text.uart_read_INT
                0x0000081a        0xe mcal/uart/uart_source.o
                0x0000081a                uart_read_INT
 .text.__vector_13
                0x00000828       0x4e mcal/uart/uart_source.o
                0x00000828                __vector_13
 .text.__vector_14
                0x00000876       0x4e mcal/uart/uart_source.o
                0x00000876                __vector_14
                0x000008c4                . = ALIGN (0x2)
 *(.fini9)
 .fini9         0x000008c4        0x0 c:/program files (x86)/atmel/studio/7.0/toolchain/avr8/avr8-gnu-toolchain/bin/../lib/gcc/avr/5.4.0/avr5\libgcc.a(_exit.o)
                0x000008c4                _exit
                0x000008c4                exit
 *(.fini9)
 *(.fini8)
 *(.fini8)
 *(.fini7)
 *(.fini7)
 *(.fini6)
 *(.fini6)
 *(.fini5)
 *(.fini5)
 *(.fini4)
 *(.fini4)
 *(.fini3)
 *(.fini3)
 *(.fini2)
 *(.fini2)
 *(.fini1)
 *(.fini1)
 *(.fini0)
 .fini0         0x000008c4        0x4 c:/program files (x86)/atmel/studio/7.0/toolchain/avr8/avr8-gnu-toolchain/bin/../lib/gcc/avr/5.4.0/avr5\libgcc.a(_exit.o)
 *(.fini0)
                0x000008c8                _etext = .

.data           0x00800060       0x48 load address 0x000008c8
                0x00800060                PROVIDE (__data_start, .)
 *(.data)
 *(.data*)
 .data.tx_data  0x00800060       0x32 application/app.o
 .data.bcm_instance_ch_0
                0x00800092        0x4 manager/bcm/bcm_conf.o
                0x00800092                bcm_instance_ch_0
 .data.enm_transiver_state
                0x00800096        0x3 manager/bcm/bcm_source.o
 *(.gnu.linkonce.d*)
 *(.rodata)
 *(.rodata*)
 .rodata.gstr_uart_conf
                0x00800099        0xf mcal/uart/uart_conf.o
                0x00800099                gstr_uart_conf
 *(.gnu.linkonce.r*)
                0x008000a8                . = ALIGN (0x2)
                0x008000a8                _edata = .
                0x008000a8                PROVIDE (__data_end, .)

.bss            0x008000a8       0x65
                0x008000a8                PROVIDE (__bss_start, .)
 *(.bss)
 *(.bss*)
 .bss.str_led_rxc
                0x008000a8        0x3 application/app.o
 .bss.str_led_txc
                0x008000ab        0x3 application/app.o
 .bss.bcm_mode  0x008000ae        0x1 application/app.o
 .bss.rx_length
                0x008000af        0x2 application/app.o
 .bss.rx_data   0x008000b1       0x32 application/app.o
 .bss.counter.1741
                0x008000e3        0x1 manager/bcm/bcm_source.o
 .bss.counter.1736
                0x008000e4        0x1 manager/bcm/bcm_source.o
 .bss.pakets_recive
                0x008000e5        0xc manager/bcm/bcm_source.o
 .bss.pakets    0x008000f1        0xc manager/bcm/bcm_source.o
 .bss.bcm_instances
                0x008000fd        0xc manager/bcm/bcm_source.o
 .bss.rx_callback
                0x00800109        0x2 mcal/uart/uart_source.o
 .bss.tx_callback
                0x0080010b        0x2 mcal/uart/uart_source.o
 *(COMMON)
                0x0080010d                PROVIDE (__bss_end, .)
                0x000008c8                __data_load_start = LOADADDR (.data)
                0x00000910                __data_load_end = (__data_load_start + SIZEOF (.data))

.noinit         0x0080010d        0x0
                [!provide]                PROVIDE (__noinit_start, .)
 *(.noinit*)
                [!provide]                PROVIDE (__noinit_end, .)
                0x0080010d                _end = .
                [!provide]                PROVIDE (__heap_start, .)

.eeprom         0x00810000        0x0
 *(.eeprom*)
                0x00810000                __eeprom_end = .

.fuse
 *(.fuse)
 *(.lfuse)
 *(.hfuse)
 *(.efuse)

.lock
 *(.lock*)

.signature
 *(.signature*)

.user_signatures
 *(.user_signatures*)

.stab
 *(.stab)

.stabstr
 *(.stabstr)

.stab.excl
 *(.stab.excl)

.stab.exclstr
 *(.stab.exclstr)

.stab.index
 *(.stab.index)

.stab.indexstr
 *(.stab.indexstr)

.comment        0x00000000       0x30
 *(.comment)
 .comment       0x00000000       0x30 application/app.o
                                 0x31 (size before relaxing)
 .comment       0x00000030       0x31 ecual/led/led.o
 .comment       0x00000030       0x31 main.o
 .comment       0x00000030       0x31 manager/bcm/bcm_conf.o
 .comment       0x00000030       0x31 manager/bcm/bcm_source.o
 .comment       0x00000030       0x31 mcal/dio/dio_source.o
 .comment       0x00000030       0x31 mcal/uart/uart_conf.o
 .comment       0x00000030       0x31 mcal/uart/uart_source.o

.note.gnu.avr.deviceinfo
                0x00000000       0x3c
 .note.gnu.avr.deviceinfo
                0x00000000       0x3c C:/Program Files (x86)/Atmel/Studio/7.0/Packs/Atmel/ATmega_DFP/2.0.401/gcc/dev/atmega32a/avr5/crtatmega32a.o

.note.gnu.build-id
 *(.note.gnu.build-id)

.debug
 *(.debug)

.line
 *(.line)

.debug_srcinfo
 *(.debug_srcinfo)

.debug_sfnames
 *(.debug_sfnames)

.debug_aranges  0x00000000      0x1d0
 *(.debug_aranges)
 .debug_aranges
                0x00000000       0x28 application/app.o
 .debug_aranges
                0x00000028       0x38 ecual/led/led.o
 .debug_aranges
                0x00000060       0x20 main.o
 .debug_aranges
                0x00000080       0x18 manager/bcm/bcm_conf.o
 .debug_aranges
                0x00000098       0x58 manager/bcm/bcm_source.o
 .debug_aranges
                0x000000f0       0x48 mcal/dio/dio_source.o
 .debug_aranges
                0x00000138       0x18 mcal/uart/uart_conf.o
 .debug_aranges
                0x00000150       0x80 mcal/uart/uart_source.o

.debug_pubnames
 *(.debug_pubnames)

.debug_info     0x00000000     0x2332
 *(.debug_info .gnu.linkonce.wi.*)
 .debug_info    0x00000000      0x4e6 C:/Program Files (x86)/Atmel/Studio/7.0/Packs/Atmel/ATmega_DFP/2.0.401/gcc/dev/atmega32a/avr5/crtatmega32a.o
 .debug_info    0x000004e6      0x420 application/app.o
 .debug_info    0x00000906      0x25e ecual/led/led.o
 .debug_info    0x00000b64       0x84 main.o
 .debug_info    0x00000be8      0x3d0 manager/bcm/bcm_conf.o
 .debug_info    0x00000fb8      0x87f manager/bcm/bcm_source.o
 .debug_info    0x00001837      0x29e mcal/dio/dio_source.o
 .debug_info    0x00001ad5      0x348 mcal/uart/uart_conf.o
 .debug_info    0x00001e1d      0x515 mcal/uart/uart_source.o

.debug_abbrev   0x00000000      0xb4e
 *(.debug_abbrev)
 .debug_abbrev  0x00000000      0x4a3 C:/Program Files (x86)/Atmel/Studio/7.0/Packs/Atmel/ATmega_DFP/2.0.401/gcc/dev/atmega32a/avr5/crtatmega32a.o
 .debug_abbrev  0x000004a3      0x12e application/app.o
 .debug_abbrev  0x000005d1       0xf1 ecual/led/led.o
 .debug_abbrev  0x000006c2       0x68 main.o
 .debug_abbrev  0x0000072a       0x8c manager/bcm/bcm_conf.o
 .debug_abbrev  0x000007b6      0x153 manager/bcm/bcm_source.o
 .debug_abbrev  0x00000909       0xdd mcal/dio/dio_source.o
 .debug_abbrev  0x000009e6       0x74 mcal/uart/uart_conf.o
 .debug_abbrev  0x00000a5a       0xf4 mcal/uart/uart_source.o

.debug_line     0x00000000      0xfd0
 *(.debug_line .debug_line.* .debug_line_end)
 .debug_line    0x00000000      0x116 C:/Program Files (x86)/Atmel/Studio/7.0/Packs/Atmel/ATmega_DFP/2.0.401/gcc/dev/atmega32a/avr5/crtatmega32a.o
 .debug_line    0x00000116      0x1b8 application/app.o
 .debug_line    0x000002ce      0x11b ecual/led/led.o
 .debug_line    0x000003e9       0x63 main.o
 .debug_line    0x0000044c       0xa7 manager/bcm/bcm_conf.o
 .debug_line    0x000004f3      0x429 manager/bcm/bcm_source.o
 .debug_line    0x0000091c      0x3df mcal/dio/dio_source.o
 .debug_line    0x00000cfb       0x72 mcal/uart/uart_conf.o
 .debug_line    0x00000d6d      0x263 mcal/uart/uart_source.o

.debug_frame    0x00000000      0x3b4
 *(.debug_frame)
 .debug_frame   0x00000000       0x44 application/app.o
 .debug_frame   0x00000044       0x78 ecual/led/led.o
 .debug_frame   0x000000bc       0x24 main.o
 .debug_frame   0x000000e0       0xec manager/bcm/bcm_source.o
 .debug_frame   0x000001cc       0x74 mcal/dio/dio_source.o
 .debug_frame   0x00000240      0x174 mcal/uart/uart_source.o

.debug_str      0x00000000      0xda4
 *(.debug_str)
 .debug_str     0x00000000      0x196 C:/Program Files (x86)/Atmel/Studio/7.0/Packs/Atmel/ATmega_DFP/2.0.401/gcc/dev/atmega32a/avr5/crtatmega32a.o
 .debug_str     0x00000196      0x3a7 application/app.o
                                0x3b8 (size before relaxing)
 .debug_str     0x0000053d       0x60 ecual/led/led.o
                                0x27b (size before relaxing)
 .debug_str     0x0000059d       0x86 main.o
                                0x152 (size before relaxing)
 .debug_str     0x00000623      0x46c manager/bcm/bcm_conf.o
                                0x696 (size before relaxing)
 .debug_str     0x00000a8f      0x1e3 manager/bcm/bcm_source.o
                                0x8a8 (size before relaxing)
 .debug_str     0x00000c72       0x94 mcal/dio/dio_source.o
                                0x29d (size before relaxing)
 .debug_str     0x00000d06       0x19 mcal/uart/uart_conf.o
                                0x5f1 (size before relaxing)
 .debug_str     0x00000d1f       0x85 mcal/uart/uart_source.o
                                0x6db (size before relaxing)

.debug_loc      0x00000000      0xdc3
 *(.debug_loc)
 .debug_loc     0x00000000       0x48 application/app.o
 .debug_loc     0x00000048      0x165 ecual/led/led.o
 .debug_loc     0x000001ad      0x6c4 manager/bcm/bcm_source.o
 .debug_loc     0x00000871      0x320 mcal/dio/dio_source.o
 .debug_loc     0x00000b91      0x232 mcal/uart/uart_source.o

.debug_macinfo
 *(.debug_macinfo)

.debug_weaknames
 *(.debug_weaknames)

.debug_funcnames
 *(.debug_funcnames)

.debug_typenames
 *(.debug_typenames)

.debug_varnames
 *(.debug_varnames)

.debug_pubtypes
 *(.debug_pubtypes)

.debug_ranges   0x00000000      0x140
 *(.debug_ranges)
 .debug_ranges  0x00000000       0x18 application/app.o
 .debug_ranges  0x00000018       0x28 ecual/led/led.o
 .debug_ranges  0x00000040       0x10 main.o
 .debug_ranges  0x00000050       0x48 manager/bcm/bcm_source.o
 .debug_ranges  0x00000098       0x38 mcal/dio/dio_source.o
 .debug_ranges  0x000000d0       0x70 mcal/uart/uart_source.o

.debug_macro
 *(.debug_macro)
OUTPUT(BCM_RX.elf elf32-avr)
LOAD linker stubs
